MPLINK 5.00, LINKER
Linker Map File - Created Fri Apr 21 14:08:50 2023

                                 Section Info
                  Section       Type    Address   Location Size(Bytes)
                ---------  ---------  ---------  ---------  ---------
               _entry_scn       code   0x000000    program   0x000006
           .code___init.o       code   0x000006    program   0x000002
      InterruptVectorHigh       code   0x000008    program   0x000006
     .idata_interrupt.o_i    romdata   0x00000e    program   0x000004
       InterruptVectorLow       code   0x000018    program   0x000006
                   .cinit    romdata   0x00001e    program   0x00003e
             .code_main.o       code   0x00005c    program   0x0009cc
              .code_lcd.o       code   0x000a28    program   0x00085a
            .code_timer.o       code   0x001282    program   0x000264
           .code_button.o       code   0x0014e6    program   0x0001f4
        .code_interrupt.o       code   0x0016da    program   0x00015a
             .stringtable    romdata   0x001834    program   0x000141
           .romdata_lcd.o    romdata   0x001975    program   0x000000
      .idata_fxd1616u.o_i    romdata   0x001975    program   0x000000
      .romdata_fxd1616u.o    romdata   0x001975    program   0x000000
     .romdata_interrupt.o    romdata   0x001975    program   0x000000
        .romdata_button.o    romdata   0x001975    program   0x000000
         .romdata_timer.o    romdata   0x001975    program   0x000000
      .idata_fxd2424u.o_i    romdata   0x001975    program   0x000000
      .romdata_fxd2424u.o    romdata   0x001975    program   0x000000
      .idata_fxd3232u.o_i    romdata   0x001975    program   0x000000
      .romdata_fxd3232u.o    romdata   0x001975    program   0x000000
       .idata_fxm3232.o_i    romdata   0x001975    program   0x000000
       .romdata_fxm3232.o    romdata   0x001975    program   0x000000
        .idata___init.o_i    romdata   0x001975    program   0x000000
        .romdata___init.o    romdata   0x001975    program   0x000000
         .romdata_c018i.o    romdata   0x001975    program   0x000000
          .romdata_main.o    romdata   0x001975    program   0x000000
         .idata_c018i.o_i    romdata   0x001975    program   0x000000
            .code_c018i.o       code   0x001976    program   0x000000
                     PROG       code   0x001976    program   0x0000a6
               _cinit_scn       code   0x001a1c    program   0x00009e
          .code_fxm3232.o       code   0x001aba    program   0x000070
         .code_fxd3232u.o       code   0x001b2a    program   0x000048
         .code_fxd2424u.o       code   0x001b72    program   0x00003a
         .code_fxd1616u.o       code   0x001bac    program   0x00002c
                    .code       code   0x001bd8    program   0x000020
             _startup_scn       code   0x001bf8    program   0x00001c
         .idata_timer.o_i    romdata   0x001c14    program   0x000020
          .idata_main.o_i    romdata   0x001c34    program   0x000045
           .idata_lcd.o_i    romdata   0x001c79    program   0x000061
        .idata_button.o_i    romdata   0x001cda    program   0x000028
    .config_300001_main.o    romdata   0x300001    program   0x000001
    .config_300002_main.o    romdata   0x300002    program   0x000001
    .config_300003_main.o    romdata   0x300003    program   0x000001
    .config_300005_main.o    romdata   0x300005    program   0x000001
    .config_300006_main.o    romdata   0x300006    program   0x000001
    .config_300008_main.o    romdata   0x300008    program   0x000001
    .config_300009_main.o    romdata   0x300009    program   0x000001
    .config_30000a_main.o    romdata   0x30000a    program   0x000001
    .config_30000b_main.o    romdata   0x30000b    program   0x000001
    .config_30000c_main.o    romdata   0x30000c    program   0x000001
    .config_30000d_main.o    romdata   0x30000d    program   0x000001
                MATH_DATA      udata   0x000000       data   0x000010
                 .tmpdata      udata   0x000010       data   0x00000a
             .idata_lcd.o      idata   0x000080       data   0x000061
       .idata_interrupt.o      idata   0x0000e1       data   0x000004
        .udata_fxd3232u.o      udata   0x0000e5       data   0x000000
        .idata_fxd2424u.o      idata   0x0000e5       data   0x000000
        .udata_fxd2424u.o      udata   0x0000e5       data   0x000000
        .idata_fxd1616u.o      idata   0x0000e5       data   0x000000
        .udata_fxd1616u.o      udata   0x0000e5       data   0x000000
        .idata_fxd3232u.o      idata   0x0000e5       data   0x000000
         .udata_fxm3232.o      udata   0x0000e5       data   0x000000
         .idata_fxm3232.o      idata   0x0000e5       data   0x000000
       .udata_interrupt.o      udata   0x0000e5       data   0x000000
           .udata_timer.o      udata   0x0000e5       data   0x000000
          .udata___init.o      udata   0x0000e5       data   0x000000
          .idata___init.o      idata   0x0000e5       data   0x000000
          .udata_button.o      udata   0x0000e5       data   0x000000
           .idata_c018i.o      idata   0x0000e5       data   0x000000
           .idata_timer.o      idata   0x000100       data   0x000020
                   .stack      udata   0x000e00       data   0x000100
            .idata_main.o      idata   0x000f00       data   0x000045
          .idata_button.o      idata   0x000f45       data   0x000028
           .udata_c018i.o      udata   0x000f6d       data   0x00000a
            .udata_main.o      udata   0x000f77       data   0x000005
             .udata_lcd.o      udata   0x000f7c       data   0x000004
            SFR_UNBANKED0      udata   0x000f80       data   0x000080



                              Program Memory Usage 
                               Start         End      
                           ---------   ---------      
                            0x000000    0x000011      
                            0x000018    0x001974      
                            0x001976    0x001d01      
                            0x300001    0x300003      
                            0x300005    0x300006      
                            0x300008    0x30000d      
            7430 out of 66584 program addresses used, program memory utilization is 11%



                              Symbols - Sorted by Name
                     Name    Address   Location    Storage File                     
                ---------  ---------  ---------  --------- ---------                
         App_PasswordDoor   0x000244    program     extern C:\Users\DELL\OneDrive\Máy tính\AKG\PICKITMPLAB\Bai5_KeyMatrix_LCD - Password Door\main.c
            CheckPassword   0x000290    program     extern C:\Users\DELL\OneDrive\Máy tính\AKG\PICKITMPLAB\Bai5_KeyMatrix_LCD - Password Door\main.c
      CheckPasswordmaster   0x00074a    program     extern C:\Users\DELL\OneDrive\Máy tính\AKG\PICKITMPLAB\Bai5_KeyMatrix_LCD - Password Door\main.c
              CloseOutput   0x000184    program     extern C:\Users\DELL\OneDrive\Máy tính\AKG\PICKITMPLAB\Bai5_KeyMatrix_LCD - Password Door\main.c
                   D1616S   0x001998    program     static E:\3.46\pic18-lt\cxx-framework\src\traditional\math\fxd1616s.asm
                D1616SNEG   0x0019a6    program     static E:\3.46\pic18-lt\cxx-framework\src\traditional\math\fxd1616s.asm
                 D1616SOK   0x0019a2    program     static E:\3.46\pic18-lt\cxx-framework\src\traditional\math\fxd1616s.asm
                  D1616SX   0x0019b8    program     static E:\3.46\pic18-lt\cxx-framework\src\traditional\math\fxd1616s.asm
                   D2424S   0x0019ec    program     static E:\3.46\pic18-lt\cxx-framework\src\traditional\math\fxd2424s.asm
                D2424SNEG   0x0019fa    program     static E:\3.46\pic18-lt\cxx-framework\src\traditional\math\fxd2424s.asm
                 D2424SOK   0x0019f6    program     static E:\3.46\pic18-lt\cxx-framework\src\traditional\math\fxd2424s.asm
                  D2424SX   0x001a12    program     static E:\3.46\pic18-lt\cxx-framework\src\traditional\math\fxd2424s.asm
                  DA1616S   0x001988    program     static E:\3.46\pic18-lt\cxx-framework\src\traditional\math\fxd1616s.asm
                  DA2424S   0x0019d8    program     static E:\3.46\pic18-lt\cxx-framework\src\traditional\math\fxd2424s.asm
         DisplayLcdScreen   0x000de2    program     extern C:\Users\DELL\OneDrive\Máy tính\AKG\PICKITMPLAB\Bai5_KeyMatrix_LCD - Password Door\lcd\lcd.c
        DisplayLcdScreen2   0x000e62    program     extern C:\Users\DELL\OneDrive\Máy tính\AKG\PICKITMPLAB\Bai5_KeyMatrix_LCD - Password Door\lcd\lcd.c
      DisplayLcdScreenOld   0x000ea0    program     extern C:\Users\DELL\OneDrive\Máy tính\AKG\PICKITMPLAB\Bai5_KeyMatrix_LCD - Password Door\lcd\lcd.c
                 FXD1616S   0x001976    program     extern E:\3.46\pic18-lt\cxx-framework\src\traditional\math\fxd1616s.asm
                 FXD1616U   0x001bac    program     extern E:\3.46\pic18-lt\cxx-framework\src\traditional\math\fxd1616u.c
                 FXD2424S   0x0019c2    program     extern E:\3.46\pic18-lt\cxx-framework\src\traditional\math\fxd2424s.asm
                 FXD2424U   0x001b72    program     extern E:\3.46\pic18-lt\cxx-framework\src\traditional\math\fxd2424u.c
                 FXD3232U   0x001b2a    program     extern E:\3.46\pic18-lt\cxx-framework\src\traditional\math\fxd3232u.c
                  FXM3232   0x001aba    program     extern E:\3.46\pic18-lt\cxx-framework\src\traditional\math\fxm3232.c
      InterruptVectorHigh   0x000008    program     extern C:\Users\DELL\OneDrive\Máy tính\AKG\PICKITMPLAB\Bai5_KeyMatrix_LCD - Password Door\interrupt\interrupt.c
       InterruptVectorLow   0x000018    program     extern C:\Users\DELL\OneDrive\Máy tính\AKG\PICKITMPLAB\Bai5_KeyMatrix_LCD - Password Door\interrupt\interrupt.c
                LcdClearS   0x000d92    program     extern C:\Users\DELL\OneDrive\Máy tính\AKG\PICKITMPLAB\Bai5_KeyMatrix_LCD - Password Door\lcd\lcd.c
            LcdPrintCharS   0x000ec2    program     extern C:\Users\DELL\OneDrive\Máy tính\AKG\PICKITMPLAB\Bai5_KeyMatrix_LCD - Password Door\lcd\lcd.c
              LcdPrintNum   0x000d2e    program     extern C:\Users\DELL\OneDrive\Máy tính\AKG\PICKITMPLAB\Bai5_KeyMatrix_LCD - Password Door\lcd\lcd.c
             LcdPrintNumS   0x000ee4    program     extern C:\Users\DELL\OneDrive\Máy tính\AKG\PICKITMPLAB\Bai5_KeyMatrix_LCD - Password Door\lcd\lcd.c
           LcdPrintString   0x000d54    program     extern C:\Users\DELL\OneDrive\Máy tính\AKG\PICKITMPLAB\Bai5_KeyMatrix_LCD - Password Door\lcd\lcd.c
          LcdPrintStringS   0x000f80    program     extern C:\Users\DELL\OneDrive\Máy tính\AKG\PICKITMPLAB\Bai5_KeyMatrix_LCD - Password Door\lcd\lcd.c
                 LockDoor   0x00073c    program     extern C:\Users\DELL\OneDrive\Máy tính\AKG\PICKITMPLAB\Bai5_KeyMatrix_LCD - Password Door\main.c
               OpenOutput   0x000164    program     extern C:\Users\DELL\OneDrive\Máy tính\AKG\PICKITMPLAB\Bai5_KeyMatrix_LCD - Password Door\main.c
                    Owner   0x00035c    program     extern C:\Users\DELL\OneDrive\Máy tính\AKG\PICKITMPLAB\Bai5_KeyMatrix_LCD - Password Door\main.c
            ReverseOutput   0x0001a4    program     extern C:\Users\DELL\OneDrive\Máy tính\AKG\PICKITMPLAB\Bai5_KeyMatrix_LCD - Password Door\main.c
             SetTimer0_ms   0x0013be    program     extern C:\Users\DELL\OneDrive\Máy tính\AKG\PICKITMPLAB\Bai5_KeyMatrix_LCD - Password Door\timer\timer.c
             SetTimer1_ms   0x0013d6    program     extern C:\Users\DELL\OneDrive\Máy tính\AKG\PICKITMPLAB\Bai5_KeyMatrix_LCD - Password Door\timer\timer.c
             SetTimer3_ms   0x001408    program     extern C:\Users\DELL\OneDrive\Máy tính\AKG\PICKITMPLAB\Bai5_KeyMatrix_LCD - Password Door\timer\timer.c
               TestOutput   0x0001ca    program     extern C:\Users\DELL\OneDrive\Máy tính\AKG\PICKITMPLAB\Bai5_KeyMatrix_LCD - Password Door\main.c
               UnlockDoor   0x00072e    program     extern C:\Users\DELL\OneDrive\Máy tính\AKG\PICKITMPLAB\Bai5_KeyMatrix_LCD - Password Door\main.c
                     User   0x0005bc    program     extern C:\Users\DELL\OneDrive\Máy tính\AKG\PICKITMPLAB\Bai5_KeyMatrix_LCD - Password Door\main.c
       ___return_lbl00000   0x001b28    program     static                          
       ___return_lbl00000   0x000004    program     static                          
       ___return_lbl00000   0x001b70    program     static                          
       ___return_lbl00000   0x001baa    program     static                          
       ___return_lbl00000   0x001bd6    program     static                          
       ___return_lbl00001   0x001c12    program     static                          
       ___return_lbl00002   0x001ab8    program     static                          
       ___return_lbl00002   0x00001c    program     static                          
       ___return_lbl00003   0x00000c    program     static                          
               __config_0   0x300001    program     static C:\Users\DELL\OneDrive\Máy tính\AKG\PICKITMPLAB\Bai5_KeyMatrix_LCD - Password Door\main.c
               __config_1   0x300002    program     static C:\Users\DELL\OneDrive\Máy tính\AKG\PICKITMPLAB\Bai5_KeyMatrix_LCD - Password Door\main.c
              __config_10   0x30000d    program     static C:\Users\DELL\OneDrive\Máy tính\AKG\PICKITMPLAB\Bai5_KeyMatrix_LCD - Password Door\main.c
               __config_2   0x300003    program     static C:\Users\DELL\OneDrive\Máy tính\AKG\PICKITMPLAB\Bai5_KeyMatrix_LCD - Password Door\main.c
               __config_3   0x300005    program     static C:\Users\DELL\OneDrive\Máy tính\AKG\PICKITMPLAB\Bai5_KeyMatrix_LCD - Password Door\main.c
               __config_4   0x300006    program     static C:\Users\DELL\OneDrive\Máy tính\AKG\PICKITMPLAB\Bai5_KeyMatrix_LCD - Password Door\main.c
               __config_5   0x300008    program     static C:\Users\DELL\OneDrive\Máy tính\AKG\PICKITMPLAB\Bai5_KeyMatrix_LCD - Password Door\main.c
               __config_6   0x300009    program     static C:\Users\DELL\OneDrive\Máy tính\AKG\PICKITMPLAB\Bai5_KeyMatrix_LCD - Password Door\main.c
               __config_7   0x30000a    program     static C:\Users\DELL\OneDrive\Máy tính\AKG\PICKITMPLAB\Bai5_KeyMatrix_LCD - Password Door\main.c
               __config_8   0x30000b    program     static C:\Users\DELL\OneDrive\Máy tính\AKG\PICKITMPLAB\Bai5_KeyMatrix_LCD - Password Door\main.c
               __config_9   0x30000c    program     static C:\Users\DELL\OneDrive\Máy tính\AKG\PICKITMPLAB\Bai5_KeyMatrix_LCD - Password Door\main.c
                   __init   0x000006    program     extern E:\3.46\pic18-lt\cxx-framework\src\traditional\stdclib\__init.c
                   __pa_0   0x00143a    program     static C:\Users\DELL\OneDrive\Máy tính\AKG\PICKITMPLAB\Bai5_KeyMatrix_LCD - Password Door\timer\timer.c
                   __pa_0   0x001626    program     static C:\Users\DELL\OneDrive\Máy tính\AKG\PICKITMPLAB\Bai5_KeyMatrix_LCD - Password Door\button_matrix\button.c
                   __pa_0   0x0017ba    program     static C:\Users\DELL\OneDrive\Máy tính\AKG\PICKITMPLAB\Bai5_KeyMatrix_LCD - Password Door\interrupt\interrupt.c
                   __pa_0   0x000fb2    program     static C:\Users\DELL\OneDrive\Máy tính\AKG\PICKITMPLAB\Bai5_KeyMatrix_LCD - Password Door\lcd\lcd.c
                   __pa_0   0x0007f8    program     static C:\Users\DELL\OneDrive\Máy tính\AKG\PICKITMPLAB\Bai5_KeyMatrix_LCD - Password Door\main.c
                   __pa_1   0x001646    program     static C:\Users\DELL\OneDrive\Máy tính\AKG\PICKITMPLAB\Bai5_KeyMatrix_LCD - Password Door\button_matrix\button.c
                   __pa_1   0x000800    program     static C:\Users\DELL\OneDrive\Máy tính\AKG\PICKITMPLAB\Bai5_KeyMatrix_LCD - Password Door\main.c
                   __pa_1   0x000fc0    program     static C:\Users\DELL\OneDrive\Máy tính\AKG\PICKITMPLAB\Bai5_KeyMatrix_LCD - Password Door\lcd\lcd.c
                   __pa_1   0x0017e4    program     static C:\Users\DELL\OneDrive\Máy tính\AKG\PICKITMPLAB\Bai5_KeyMatrix_LCD - Password Door\interrupt\interrupt.c
                   __pa_1   0x001466    program     static C:\Users\DELL\OneDrive\Máy tính\AKG\PICKITMPLAB\Bai5_KeyMatrix_LCD - Password Door\timer\timer.c
                  __pa_10   0x001044    program     static C:\Users\DELL\OneDrive\Máy tính\AKG\PICKITMPLAB\Bai5_KeyMatrix_LCD - Password Door\lcd\lcd.c
                  __pa_10   0x0014d8    program     static C:\Users\DELL\OneDrive\Máy tính\AKG\PICKITMPLAB\Bai5_KeyMatrix_LCD - Password Door\timer\timer.c
                  __pa_10   0x00088a    program     static C:\Users\DELL\OneDrive\Máy tính\AKG\PICKITMPLAB\Bai5_KeyMatrix_LCD - Password Door\main.c
                  __pa_11   0x00105e    program     static C:\Users\DELL\OneDrive\Máy tính\AKG\PICKITMPLAB\Bai5_KeyMatrix_LCD - Password Door\lcd\lcd.c
                  __pa_11   0x0008a2    program     static C:\Users\DELL\OneDrive\Máy tính\AKG\PICKITMPLAB\Bai5_KeyMatrix_LCD - Password Door\main.c
                  __pa_12   0x001078    program     static C:\Users\DELL\OneDrive\Máy tính\AKG\PICKITMPLAB\Bai5_KeyMatrix_LCD - Password Door\lcd\lcd.c
                  __pa_12   0x0008ae    program     static C:\Users\DELL\OneDrive\Máy tính\AKG\PICKITMPLAB\Bai5_KeyMatrix_LCD - Password Door\main.c
                  __pa_13   0x0008c4    program     static C:\Users\DELL\OneDrive\Máy tính\AKG\PICKITMPLAB\Bai5_KeyMatrix_LCD - Password Door\main.c
                  __pa_13   0x001090    program     static C:\Users\DELL\OneDrive\Máy tính\AKG\PICKITMPLAB\Bai5_KeyMatrix_LCD - Password Door\lcd\lcd.c
                  __pa_14   0x0008d2    program     static C:\Users\DELL\OneDrive\Máy tính\AKG\PICKITMPLAB\Bai5_KeyMatrix_LCD - Password Door\main.c
                  __pa_14   0x0010a8    program     static C:\Users\DELL\OneDrive\Máy tính\AKG\PICKITMPLAB\Bai5_KeyMatrix_LCD - Password Door\lcd\lcd.c
                  __pa_15   0x0010c0    program     static C:\Users\DELL\OneDrive\Máy tính\AKG\PICKITMPLAB\Bai5_KeyMatrix_LCD - Password Door\lcd\lcd.c
                  __pa_15   0x0008d8    program     static C:\Users\DELL\OneDrive\Máy tính\AKG\PICKITMPLAB\Bai5_KeyMatrix_LCD - Password Door\main.c
                  __pa_16   0x0010d0    program     static C:\Users\DELL\OneDrive\Máy tính\AKG\PICKITMPLAB\Bai5_KeyMatrix_LCD - Password Door\lcd\lcd.c
                  __pa_16   0x0008e2    program     static C:\Users\DELL\OneDrive\Máy tính\AKG\PICKITMPLAB\Bai5_KeyMatrix_LCD - Password Door\main.c
                  __pa_17   0x0010e2    program     static C:\Users\DELL\OneDrive\Máy tính\AKG\PICKITMPLAB\Bai5_KeyMatrix_LCD - Password Door\lcd\lcd.c
                  __pa_17   0x0008e8    program     static C:\Users\DELL\OneDrive\Máy tính\AKG\PICKITMPLAB\Bai5_KeyMatrix_LCD - Password Door\main.c
                  __pa_18   0x0008fa    program     static C:\Users\DELL\OneDrive\Máy tính\AKG\PICKITMPLAB\Bai5_KeyMatrix_LCD - Password Door\main.c
                  __pa_18   0x0010ee    program     static C:\Users\DELL\OneDrive\Máy tính\AKG\PICKITMPLAB\Bai5_KeyMatrix_LCD - Password Door\lcd\lcd.c
                  __pa_19   0x000908    program     static C:\Users\DELL\OneDrive\Máy tính\AKG\PICKITMPLAB\Bai5_KeyMatrix_LCD - Password Door\main.c
                  __pa_19   0x001100    program     static C:\Users\DELL\OneDrive\Máy tính\AKG\PICKITMPLAB\Bai5_KeyMatrix_LCD - Password Door\lcd\lcd.c
                   __pa_2   0x001470    program     static C:\Users\DELL\OneDrive\Máy tính\AKG\PICKITMPLAB\Bai5_KeyMatrix_LCD - Password Door\timer\timer.c
                   __pa_2   0x00180a    program     static C:\Users\DELL\OneDrive\Máy tính\AKG\PICKITMPLAB\Bai5_KeyMatrix_LCD - Password Door\interrupt\interrupt.c
                   __pa_2   0x000fcc    program     static C:\Users\DELL\OneDrive\Máy tính\AKG\PICKITMPLAB\Bai5_KeyMatrix_LCD - Password Door\lcd\lcd.c
                   __pa_2   0x001664    program     static C:\Users\DELL\OneDrive\Máy tính\AKG\PICKITMPLAB\Bai5_KeyMatrix_LCD - Password Door\button_matrix\button.c
                   __pa_2   0x000806    program     static C:\Users\DELL\OneDrive\Máy tính\AKG\PICKITMPLAB\Bai5_KeyMatrix_LCD - Password Door\main.c
                  __pa_20   0x000916    program     static C:\Users\DELL\OneDrive\Máy tính\AKG\PICKITMPLAB\Bai5_KeyMatrix_LCD - Password Door\main.c
                  __pa_20   0x001112    program     static C:\Users\DELL\OneDrive\Máy tính\AKG\PICKITMPLAB\Bai5_KeyMatrix_LCD - Password Door\lcd\lcd.c
                  __pa_21   0x000920    program     static C:\Users\DELL\OneDrive\Máy tính\AKG\PICKITMPLAB\Bai5_KeyMatrix_LCD - Password Door\main.c
                  __pa_21   0x00111c    program     static C:\Users\DELL\OneDrive\Máy tính\AKG\PICKITMPLAB\Bai5_KeyMatrix_LCD - Password Door\lcd\lcd.c
                  __pa_22   0x00092a    program     static C:\Users\DELL\OneDrive\Máy tính\AKG\PICKITMPLAB\Bai5_KeyMatrix_LCD - Password Door\main.c
                  __pa_22   0x001124    program     static C:\Users\DELL\OneDrive\Máy tính\AKG\PICKITMPLAB\Bai5_KeyMatrix_LCD - Password Door\lcd\lcd.c
                  __pa_23   0x001132    program     static C:\Users\DELL\OneDrive\Máy tính\AKG\PICKITMPLAB\Bai5_KeyMatrix_LCD - Password Door\lcd\lcd.c
                  __pa_23   0x000934    program     static C:\Users\DELL\OneDrive\Máy tính\AKG\PICKITMPLAB\Bai5_KeyMatrix_LCD - Password Door\main.c
                  __pa_24   0x001140    program     static C:\Users\DELL\OneDrive\Máy tính\AKG\PICKITMPLAB\Bai5_KeyMatrix_LCD - Password Door\lcd\lcd.c
                  __pa_24   0x000946    program     static C:\Users\DELL\OneDrive\Máy tính\AKG\PICKITMPLAB\Bai5_KeyMatrix_LCD - Password Door\main.c
                  __pa_25   0x00114e    program     static C:\Users\DELL\OneDrive\Máy tính\AKG\PICKITMPLAB\Bai5_KeyMatrix_LCD - Password Door\lcd\lcd.c
                  __pa_25   0x000952    program     static C:\Users\DELL\OneDrive\Máy tính\AKG\PICKITMPLAB\Bai5_KeyMatrix_LCD - Password Door\main.c
                  __pa_26   0x000964    program     static C:\Users\DELL\OneDrive\Máy tính\AKG\PICKITMPLAB\Bai5_KeyMatrix_LCD - Password Door\main.c
                  __pa_26   0x001158    program     static C:\Users\DELL\OneDrive\Máy tính\AKG\PICKITMPLAB\Bai5_KeyMatrix_LCD - Password Door\lcd\lcd.c
                  __pa_27   0x000972    program     static C:\Users\DELL\OneDrive\Máy tính\AKG\PICKITMPLAB\Bai5_KeyMatrix_LCD - Password Door\main.c
                  __pa_27   0x00116a    program     static C:\Users\DELL\OneDrive\Máy tính\AKG\PICKITMPLAB\Bai5_KeyMatrix_LCD - Password Door\lcd\lcd.c
                  __pa_28   0x00097c    program     static C:\Users\DELL\OneDrive\Máy tính\AKG\PICKITMPLAB\Bai5_KeyMatrix_LCD - Password Door\main.c
                  __pa_28   0x001176    program     static C:\Users\DELL\OneDrive\Máy tính\AKG\PICKITMPLAB\Bai5_KeyMatrix_LCD - Password Door\lcd\lcd.c
                  __pa_29   0x000982    program     static C:\Users\DELL\OneDrive\Máy tính\AKG\PICKITMPLAB\Bai5_KeyMatrix_LCD - Password Door\main.c
                  __pa_29   0x001182    program     static C:\Users\DELL\OneDrive\Máy tính\AKG\PICKITMPLAB\Bai5_KeyMatrix_LCD - Password Door\lcd\lcd.c
                   __pa_3   0x000fda    program     static C:\Users\DELL\OneDrive\Máy tính\AKG\PICKITMPLAB\Bai5_KeyMatrix_LCD - Password Door\lcd\lcd.c
                   __pa_3   0x001478    program     static C:\Users\DELL\OneDrive\Máy tính\AKG\PICKITMPLAB\Bai5_KeyMatrix_LCD - Password Door\timer\timer.c
                   __pa_3   0x00081e    program     static C:\Users\DELL\OneDrive\Máy tính\AKG\PICKITMPLAB\Bai5_KeyMatrix_LCD - Password Door\main.c
                   __pa_3   0x001818    program     static C:\Users\DELL\OneDrive\Máy tính\AKG\PICKITMPLAB\Bai5_KeyMatrix_LCD - Password Door\interrupt\interrupt.c
                   __pa_3   0x001676    program     static C:\Users\DELL\OneDrive\Máy tính\AKG\PICKITMPLAB\Bai5_KeyMatrix_LCD - Password Door\button_matrix\button.c
                  __pa_30   0x00118e    program     static C:\Users\DELL\OneDrive\Máy tính\AKG\PICKITMPLAB\Bai5_KeyMatrix_LCD - Password Door\lcd\lcd.c
                  __pa_30   0x00098e    program     static C:\Users\DELL\OneDrive\Máy tính\AKG\PICKITMPLAB\Bai5_KeyMatrix_LCD - Password Door\main.c
                  __pa_31   0x001198    program     static C:\Users\DELL\OneDrive\Máy tính\AKG\PICKITMPLAB\Bai5_KeyMatrix_LCD - Password Door\lcd\lcd.c
                  __pa_31   0x00099c    program     static C:\Users\DELL\OneDrive\Máy tính\AKG\PICKITMPLAB\Bai5_KeyMatrix_LCD - Password Door\main.c
                  __pa_32   0x0011aa    program     static C:\Users\DELL\OneDrive\Máy tính\AKG\PICKITMPLAB\Bai5_KeyMatrix_LCD - Password Door\lcd\lcd.c
                  __pa_32   0x0009a8    program     static C:\Users\DELL\OneDrive\Máy tính\AKG\PICKITMPLAB\Bai5_KeyMatrix_LCD - Password Door\main.c
                  __pa_33   0x0009b6    program     static C:\Users\DELL\OneDrive\Máy tính\AKG\PICKITMPLAB\Bai5_KeyMatrix_LCD - Password Door\main.c
                  __pa_33   0x0011c0    program     static C:\Users\DELL\OneDrive\Máy tính\AKG\PICKITMPLAB\Bai5_KeyMatrix_LCD - Password Door\lcd\lcd.c
                  __pa_34   0x0009c4    program     static C:\Users\DELL\OneDrive\Máy tính\AKG\PICKITMPLAB\Bai5_KeyMatrix_LCD - Password Door\main.c
                  __pa_34   0x0011d6    program     static C:\Users\DELL\OneDrive\Máy tính\AKG\PICKITMPLAB\Bai5_KeyMatrix_LCD - Password Door\lcd\lcd.c
                  __pa_35   0x0009d2    program     static C:\Users\DELL\OneDrive\Máy tính\AKG\PICKITMPLAB\Bai5_KeyMatrix_LCD - Password Door\main.c
                  __pa_35   0x0011de    program     static C:\Users\DELL\OneDrive\Máy tính\AKG\PICKITMPLAB\Bai5_KeyMatrix_LCD - Password Door\lcd\lcd.c
                  __pa_36   0x0009de    program     static C:\Users\DELL\OneDrive\Máy tính\AKG\PICKITMPLAB\Bai5_KeyMatrix_LCD - Password Door\main.c
                  __pa_36   0x0011e8    program     static C:\Users\DELL\OneDrive\Máy tính\AKG\PICKITMPLAB\Bai5_KeyMatrix_LCD - Password Door\lcd\lcd.c
                  __pa_37   0x0009e8    program     static C:\Users\DELL\OneDrive\Máy tính\AKG\PICKITMPLAB\Bai5_KeyMatrix_LCD - Password Door\main.c
                  __pa_37   0x0011f6    program     static C:\Users\DELL\OneDrive\Máy tính\AKG\PICKITMPLAB\Bai5_KeyMatrix_LCD - Password Door\lcd\lcd.c
                  __pa_38   0x0009f4    program     static C:\Users\DELL\OneDrive\Máy tính\AKG\PICKITMPLAB\Bai5_KeyMatrix_LCD - Password Door\main.c
                  __pa_38   0x001200    program     static C:\Users\DELL\OneDrive\Máy tính\AKG\PICKITMPLAB\Bai5_KeyMatrix_LCD - Password Door\lcd\lcd.c
                  __pa_39   0x001212    program     static C:\Users\DELL\OneDrive\Máy tính\AKG\PICKITMPLAB\Bai5_KeyMatrix_LCD - Password Door\lcd\lcd.c
                  __pa_39   0x000a02    program     static C:\Users\DELL\OneDrive\Máy tính\AKG\PICKITMPLAB\Bai5_KeyMatrix_LCD - Password Door\main.c
                   __pa_4   0x001688    program     static C:\Users\DELL\OneDrive\Máy tính\AKG\PICKITMPLAB\Bai5_KeyMatrix_LCD - Password Door\button_matrix\button.c
                   __pa_4   0x001826    program     static C:\Users\DELL\OneDrive\Máy tính\AKG\PICKITMPLAB\Bai5_KeyMatrix_LCD - Password Door\interrupt\interrupt.c
                   __pa_4   0x000fe4    program     static C:\Users\DELL\OneDrive\Máy tính\AKG\PICKITMPLAB\Bai5_KeyMatrix_LCD - Password Door\lcd\lcd.c
                   __pa_4   0x001480    program     static C:\Users\DELL\OneDrive\Máy tính\AKG\PICKITMPLAB\Bai5_KeyMatrix_LCD - Password Door\timer\timer.c
                   __pa_4   0x000840    program     static C:\Users\DELL\OneDrive\Máy tính\AKG\PICKITMPLAB\Bai5_KeyMatrix_LCD - Password Door\main.c
                  __pa_40   0x001224    program     static C:\Users\DELL\OneDrive\Máy tính\AKG\PICKITMPLAB\Bai5_KeyMatrix_LCD - Password Door\lcd\lcd.c
                  __pa_40   0x000a10    program     static C:\Users\DELL\OneDrive\Máy tính\AKG\PICKITMPLAB\Bai5_KeyMatrix_LCD - Password Door\main.c
                  __pa_41   0x001236    program     static C:\Users\DELL\OneDrive\Máy tính\AKG\PICKITMPLAB\Bai5_KeyMatrix_LCD - Password Door\lcd\lcd.c
                  __pa_41   0x000a1a    program     static C:\Users\DELL\OneDrive\Máy tính\AKG\PICKITMPLAB\Bai5_KeyMatrix_LCD - Password Door\main.c
                  __pa_42   0x001240    program     static C:\Users\DELL\OneDrive\Máy tính\AKG\PICKITMPLAB\Bai5_KeyMatrix_LCD - Password Door\lcd\lcd.c
                  __pa_43   0x00124a    program     static C:\Users\DELL\OneDrive\Máy tính\AKG\PICKITMPLAB\Bai5_KeyMatrix_LCD - Password Door\lcd\lcd.c
                  __pa_44   0x001250    program     static C:\Users\DELL\OneDrive\Máy tính\AKG\PICKITMPLAB\Bai5_KeyMatrix_LCD - Password Door\lcd\lcd.c
                  __pa_45   0x00125c    program     static C:\Users\DELL\OneDrive\Máy tính\AKG\PICKITMPLAB\Bai5_KeyMatrix_LCD - Password Door\lcd\lcd.c
                  __pa_46   0x001268    program     static C:\Users\DELL\OneDrive\Máy tính\AKG\PICKITMPLAB\Bai5_KeyMatrix_LCD - Password Door\lcd\lcd.c
                  __pa_47   0x001270    program     static C:\Users\DELL\OneDrive\Máy tính\AKG\PICKITMPLAB\Bai5_KeyMatrix_LCD - Password Door\lcd\lcd.c
                  __pa_48   0x001278    program     static C:\Users\DELL\OneDrive\Máy tính\AKG\PICKITMPLAB\Bai5_KeyMatrix_LCD - Password Door\lcd\lcd.c
                   __pa_5   0x000856    program     static C:\Users\DELL\OneDrive\Máy tính\AKG\PICKITMPLAB\Bai5_KeyMatrix_LCD - Password Door\main.c
                   __pa_5   0x000fec    program     static C:\Users\DELL\OneDrive\Máy tính\AKG\PICKITMPLAB\Bai5_KeyMatrix_LCD - Password Door\lcd\lcd.c
                   __pa_5   0x0016a2    program     static C:\Users\DELL\OneDrive\Máy tính\AKG\PICKITMPLAB\Bai5_KeyMatrix_LCD - Password Door\button_matrix\button.c
                   __pa_5   0x001490    program     static C:\Users\DELL\OneDrive\Máy tính\AKG\PICKITMPLAB\Bai5_KeyMatrix_LCD - Password Door\timer\timer.c
                   __pa_6   0x0016ac    program     static C:\Users\DELL\OneDrive\Máy tính\AKG\PICKITMPLAB\Bai5_KeyMatrix_LCD - Password Door\button_matrix\button.c
                   __pa_6   0x0014a0    program     static C:\Users\DELL\OneDrive\Máy tính\AKG\PICKITMPLAB\Bai5_KeyMatrix_LCD - Password Door\timer\timer.c
                   __pa_6   0x000860    program     static C:\Users\DELL\OneDrive\Máy tính\AKG\PICKITMPLAB\Bai5_KeyMatrix_LCD - Password Door\main.c
                   __pa_6   0x000ff6    program     static C:\Users\DELL\OneDrive\Máy tính\AKG\PICKITMPLAB\Bai5_KeyMatrix_LCD - Password Door\lcd\lcd.c
                   __pa_7   0x0014ae    program     static C:\Users\DELL\OneDrive\Máy tính\AKG\PICKITMPLAB\Bai5_KeyMatrix_LCD - Password Door\timer\timer.c
                   __pa_7   0x0016b6    program     static C:\Users\DELL\OneDrive\Máy tính\AKG\PICKITMPLAB\Bai5_KeyMatrix_LCD - Password Door\button_matrix\button.c
                   __pa_7   0x00086c    program     static C:\Users\DELL\OneDrive\Máy tính\AKG\PICKITMPLAB\Bai5_KeyMatrix_LCD - Password Door\main.c
                   __pa_7   0x001008    program     static C:\Users\DELL\OneDrive\Máy tính\AKG\PICKITMPLAB\Bai5_KeyMatrix_LCD - Password Door\lcd\lcd.c
                   __pa_8   0x000874    program     static C:\Users\DELL\OneDrive\Máy tính\AKG\PICKITMPLAB\Bai5_KeyMatrix_LCD - Password Door\main.c
                   __pa_8   0x001026    program     static C:\Users\DELL\OneDrive\Máy tính\AKG\PICKITMPLAB\Bai5_KeyMatrix_LCD - Password Door\lcd\lcd.c
                   __pa_8   0x0014bc    program     static C:\Users\DELL\OneDrive\Máy tính\AKG\PICKITMPLAB\Bai5_KeyMatrix_LCD - Password Door\timer\timer.c
                   __pa_8   0x0016be    program     static C:\Users\DELL\OneDrive\Máy tính\AKG\PICKITMPLAB\Bai5_KeyMatrix_LCD - Password Door\button_matrix\button.c
                   __pa_9   0x0016d0    program     static C:\Users\DELL\OneDrive\Máy tính\AKG\PICKITMPLAB\Bai5_KeyMatrix_LCD - Password Door\button_matrix\button.c
                   __pa_9   0x00102c    program     static C:\Users\DELL\OneDrive\Máy tính\AKG\PICKITMPLAB\Bai5_KeyMatrix_LCD - Password Door\lcd\lcd.c
                   __pa_9   0x00087a    program     static C:\Users\DELL\OneDrive\Máy tính\AKG\PICKITMPLAB\Bai5_KeyMatrix_LCD - Password Door\main.c
                   __pa_9   0x0014ca    program     static C:\Users\DELL\OneDrive\Máy tính\AKG\PICKITMPLAB\Bai5_KeyMatrix_LCD - Password Door\timer\timer.c
               __string_0   0x001965    program     static C:\Users\DELL\OneDrive\Máy tính\AKG\PICKITMPLAB\Bai5_KeyMatrix_LCD - Password Door\main.c
               __string_1   0x001954    program     static C:\Users\DELL\OneDrive\Máy tính\AKG\PICKITMPLAB\Bai5_KeyMatrix_LCD - Password Door\main.c
              __string_10   0x0018d2    program     static C:\Users\DELL\OneDrive\Máy tính\AKG\PICKITMPLAB\Bai5_KeyMatrix_LCD - Password Door\main.c
              __string_11   0x0018c6    program     static C:\Users\DELL\OneDrive\Máy tính\AKG\PICKITMPLAB\Bai5_KeyMatrix_LCD - Password Door\main.c
              __string_12   0x0018b7    program     static C:\Users\DELL\OneDrive\Máy tính\AKG\PICKITMPLAB\Bai5_KeyMatrix_LCD - Password Door\main.c
              __string_13   0x0018af    program     static C:\Users\DELL\OneDrive\Máy tính\AKG\PICKITMPLAB\Bai5_KeyMatrix_LCD - Password Door\main.c
              __string_14   0x0018a0    program     static C:\Users\DELL\OneDrive\Máy tính\AKG\PICKITMPLAB\Bai5_KeyMatrix_LCD - Password Door\main.c
              __string_15   0x001890    program     static C:\Users\DELL\OneDrive\Máy tính\AKG\PICKITMPLAB\Bai5_KeyMatrix_LCD - Password Door\main.c
              __string_16   0x001884    program     static C:\Users\DELL\OneDrive\Máy tính\AKG\PICKITMPLAB\Bai5_KeyMatrix_LCD - Password Door\main.c
              __string_17   0x00187c    program     static C:\Users\DELL\OneDrive\Máy tính\AKG\PICKITMPLAB\Bai5_KeyMatrix_LCD - Password Door\main.c
              __string_18   0x001873    program     static C:\Users\DELL\OneDrive\Máy tính\AKG\PICKITMPLAB\Bai5_KeyMatrix_LCD - Password Door\main.c
              __string_19   0x001865    program     static C:\Users\DELL\OneDrive\Máy tính\AKG\PICKITMPLAB\Bai5_KeyMatrix_LCD - Password Door\main.c
               __string_2   0x001943    program     static C:\Users\DELL\OneDrive\Máy tính\AKG\PICKITMPLAB\Bai5_KeyMatrix_LCD - Password Door\main.c
              __string_20   0x001855    program     static C:\Users\DELL\OneDrive\Máy tính\AKG\PICKITMPLAB\Bai5_KeyMatrix_LCD - Password Door\main.c
              __string_21   0x001844    program     static C:\Users\DELL\OneDrive\Máy tính\AKG\PICKITMPLAB\Bai5_KeyMatrix_LCD - Password Door\main.c
              __string_22   0x001834    program     static C:\Users\DELL\OneDrive\Máy tính\AKG\PICKITMPLAB\Bai5_KeyMatrix_LCD - Password Door\main.c
               __string_3   0x001932    program     static C:\Users\DELL\OneDrive\Máy tính\AKG\PICKITMPLAB\Bai5_KeyMatrix_LCD - Password Door\main.c
               __string_4   0x001921    program     static C:\Users\DELL\OneDrive\Máy tính\AKG\PICKITMPLAB\Bai5_KeyMatrix_LCD - Password Door\main.c
               __string_5   0x00191f    program     static C:\Users\DELL\OneDrive\Máy tính\AKG\PICKITMPLAB\Bai5_KeyMatrix_LCD - Password Door\main.c
               __string_6   0x00190e    program     static C:\Users\DELL\OneDrive\Máy tính\AKG\PICKITMPLAB\Bai5_KeyMatrix_LCD - Password Door\main.c
               __string_7   0x0018f7    program     static C:\Users\DELL\OneDrive\Máy tính\AKG\PICKITMPLAB\Bai5_KeyMatrix_LCD - Password Door\main.c
               __string_8   0x0018f0    program     static C:\Users\DELL\OneDrive\Máy tính\AKG\PICKITMPLAB\Bai5_KeyMatrix_LCD - Password Door\main.c
               __string_9   0x0018e1    program     static C:\Users\DELL\OneDrive\Máy tính\AKG\PICKITMPLAB\Bai5_KeyMatrix_LCD - Password Door\main.c
            __zero_memory   0x001bd8    program     extern E:\3.46\pic18-lt\cxx-framework\src\traditional\proc\p18f4620.asm
                _do_cinit   0x001a1c    program     extern E:\3.46\pic18-lt\cxx-framework\src\traditional\startup\c018i.c
                   _entry   0x000000    program     extern E:\3.46\pic18-lt\cxx-framework\src\traditional\startup\c018i.c
                   _false   0x001b6c    program     static                          
                   _false   0x001ba6    program     static                          
                 _startup   0x001bf8    program     extern E:\3.46\pic18-lt\cxx-framework\src\traditional\startup\c018i.c
          button_delay_ms   0x00156e    program     extern C:\Users\DELL\OneDrive\Máy tính\AKG\PICKITMPLAB\Bai5_KeyMatrix_LCD - Password Door\button_matrix\button.c
                compare_l   0x001bee    program     static E:\3.46\pic18-lt\cxx-framework\src\traditional\proc\p18f4620.asm
                copy_loop   0x001a8e    program     static                          
            copy_one_byte   0x001a94    program     static                          
                 delay_ms   0x000076    program     extern C:\Users\DELL\OneDrive\Máy tính\AKG\PICKITMPLAB\Bai5_KeyMatrix_LCD - Password Door\main.c
                     done   0x001ab8    program     static                          
             done_copying   0x001aa2    program     static                          
                  endloop   0x001bd2    program     static                          
                 high_isr   0x00175c    program     extern C:\Users\DELL\OneDrive\Máy tính\AKG\PICKITMPLAB\Bai5_KeyMatrix_LCD - Password Door\interrupt\interrupt.c
            init_ext_int0   0x0016e2    program     extern C:\Users\DELL\OneDrive\Máy tính\AKG\PICKITMPLAB\Bai5_KeyMatrix_LCD - Password Door\interrupt\interrupt.c
           init_interrupt   0x0016da    program     extern C:\Users\DELL\OneDrive\Máy tính\AKG\PICKITMPLAB\Bai5_KeyMatrix_LCD - Password Door\interrupt\interrupt.c
          init_key_matrix   0x0014e6    program     extern C:\Users\DELL\OneDrive\Máy tính\AKG\PICKITMPLAB\Bai5_KeyMatrix_LCD - Password Door\button_matrix\button.c
                 init_lcd   0x000ac4    program     extern C:\Users\DELL\OneDrive\Máy tính\AKG\PICKITMPLAB\Bai5_KeyMatrix_LCD - Password Door\lcd\lcd.c
              init_system   0x0000e8    program     extern C:\Users\DELL\OneDrive\Máy tính\AKG\PICKITMPLAB\Bai5_KeyMatrix_LCD - Password Door\main.c
              init_timer0   0x001282    program     extern C:\Users\DELL\OneDrive\Máy tính\AKG\PICKITMPLAB\Bai5_KeyMatrix_LCD - Password Door\timer\timer.c
              init_timer1   0x0012ae    program     extern C:\Users\DELL\OneDrive\Máy tính\AKG\PICKITMPLAB\Bai5_KeyMatrix_LCD - Password Door\timer\timer.c
              init_timer2   0x0012e0    program     extern C:\Users\DELL\OneDrive\Máy tính\AKG\PICKITMPLAB\Bai5_KeyMatrix_LCD - Password Door\timer\timer.c
              init_timer3   0x00130c    program     extern C:\Users\DELL\OneDrive\Máy tính\AKG\PICKITMPLAB\Bai5_KeyMatrix_LCD - Password Door\timer\timer.c
            isButtonEnter   0x00071e    program     extern C:\Users\DELL\OneDrive\Máy tính\AKG\PICKITMPLAB\Bai5_KeyMatrix_LCD - Password Door\main.c
         isButtonMotorOff   0x000224    program     extern C:\Users\DELL\OneDrive\Máy tính\AKG\PICKITMPLAB\Bai5_KeyMatrix_LCD - Password Door\main.c
          isButtonMotorOn   0x000214    program     extern C:\Users\DELL\OneDrive\Máy tính\AKG\PICKITMPLAB\Bai5_KeyMatrix_LCD - Password Door\main.c
           isButtonNumber   0x000316    program     extern C:\Users\DELL\OneDrive\Máy tính\AKG\PICKITMPLAB\Bai5_KeyMatrix_LCD - Password Door\main.c
              isButtonSet   0x000234    program     extern C:\Users\DELL\OneDrive\Máy tính\AKG\PICKITMPLAB\Bai5_KeyMatrix_LCD - Password Door\main.c
                lcd_clear   0x000bd0    program     extern C:\Users\DELL\OneDrive\Máy tính\AKG\PICKITMPLAB\Bai5_KeyMatrix_LCD - Password Door\lcd\lcd.c
                lcd_delay   0x000a28    program     extern C:\Users\DELL\OneDrive\Máy tính\AKG\PICKITMPLAB\Bai5_KeyMatrix_LCD - Password Door\lcd\lcd.c
             lcd_power_of   0x000be0    program     extern C:\Users\DELL\OneDrive\Máy tính\AKG\PICKITMPLAB\Bai5_KeyMatrix_LCD - Password Door\lcd\lcd.c
           lcd_print_char   0x000b72    program     extern C:\Users\DELL\OneDrive\Máy tính\AKG\PICKITMPLAB\Bai5_KeyMatrix_LCD - Password Door\lcd\lcd.c
          lcd_print_charS   0x000d6c    program     extern C:\Users\DELL\OneDrive\Máy tính\AKG\PICKITMPLAB\Bai5_KeyMatrix_LCD - Password Door\lcd\lcd.c
            lcd_print_num   0x000c8a    program     extern C:\Users\DELL\OneDrive\Máy tính\AKG\PICKITMPLAB\Bai5_KeyMatrix_LCD - Password Door\lcd\lcd.c
            lcd_print_str   0x000b74    program     extern C:\Users\DELL\OneDrive\Máy tính\AKG\PICKITMPLAB\Bai5_KeyMatrix_LCD - Password Door\lcd\lcd.c
              lcd_putchar   0x000b70    program     extern C:\Users\DELL\OneDrive\Máy tính\AKG\PICKITMPLAB\Bai5_KeyMatrix_LCD - Password Door\lcd\lcd.c
          lcd_read_status   0x000afa    program     extern C:\Users\DELL\OneDrive\Máy tính\AKG\PICKITMPLAB\Bai5_KeyMatrix_LCD - Password Door\lcd\lcd.c
          lcd_sendCommand   0x000ab2    program     extern C:\Users\DELL\OneDrive\Máy tính\AKG\PICKITMPLAB\Bai5_KeyMatrix_LCD - Password Door\lcd\lcd.c
           lcd_set_cursor   0x000ba4    program     extern C:\Users\DELL\OneDrive\Máy tính\AKG\PICKITMPLAB\Bai5_KeyMatrix_LCD - Password Door\lcd\lcd.c
            lcd_wait_busy   0x000b32    program     extern C:\Users\DELL\OneDrive\Máy tính\AKG\PICKITMPLAB\Bai5_KeyMatrix_LCD - Password Door\lcd\lcd.c
          lcd_write_4bits   0x000b44    program     extern C:\Users\DELL\OneDrive\Máy tính\AKG\PICKITMPLAB\Bai5_KeyMatrix_LCD - Password Door\lcd\lcd.c
            lcd_write_cmd   0x000b56    program     extern C:\Users\DELL\OneDrive\Máy tính\AKG\PICKITMPLAB\Bai5_KeyMatrix_LCD - Password Door\lcd\lcd.c
           lcd_write_data   0x000b62    program     extern C:\Users\DELL\OneDrive\Máy tính\AKG\PICKITMPLAB\Bai5_KeyMatrix_LCD - Password Door\lcd\lcd.c
                     loop   0x001b38    program     static                          
                     loop   0x001bb6    program     static                          
                     loop   0x001b7e    program     static                          
                     loop   0x001c08    program     static                          
                   loop_h   0x001be6    program     static E:\3.46\pic18-lt\cxx-framework\src\traditional\proc\p18f4620.asm
                   loop_l   0x001bf0    program     static E:\3.46\pic18-lt\cxx-framework\src\traditional\proc\p18f4620.asm
                  low_isr   0x0016ea    program     extern C:\Users\DELL\OneDrive\Máy tính\AKG\PICKITMPLAB\Bai5_KeyMatrix_LCD - Password Door\interrupt\interrupt.c
                     main   0x00005c    program     extern C:\Users\DELL\OneDrive\Máy tính\AKG\PICKITMPLAB\Bai5_KeyMatrix_LCD - Password Door\main.c
          scan_key_matrix   0x0014ee    program     extern C:\Users\DELL\OneDrive\Máy tính\AKG\PICKITMPLAB\Bai5_KeyMatrix_LCD - Password Door\button_matrix\button.c
     scan_key_matrix_demo   0x0015cc    program     extern C:\Users\DELL\OneDrive\Máy tính\AKG\PICKITMPLAB\Bai5_KeyMatrix_LCD - Password Door\button_matrix\button.c
                   search   0x000782    program     extern C:\Users\DELL\OneDrive\Máy tính\AKG\PICKITMPLAB\Bai5_KeyMatrix_LCD - Password Door\main.c
             start_timer0   0x0012a8    program     extern C:\Users\DELL\OneDrive\Máy tính\AKG\PICKITMPLAB\Bai5_KeyMatrix_LCD - Password Door\timer\timer.c
             start_timer1   0x0012d6    program     extern C:\Users\DELL\OneDrive\Máy tính\AKG\PICKITMPLAB\Bai5_KeyMatrix_LCD - Password Door\timer\timer.c
             start_timer2   0x001300    program     extern C:\Users\DELL\OneDrive\Máy tính\AKG\PICKITMPLAB\Bai5_KeyMatrix_LCD - Password Door\timer\timer.c
             start_timer3   0x00133a    program     extern C:\Users\DELL\OneDrive\Máy tính\AKG\PICKITMPLAB\Bai5_KeyMatrix_LCD - Password Door\timer\timer.c
              stop_timer0   0x0012a4    program     extern C:\Users\DELL\OneDrive\Máy tính\AKG\PICKITMPLAB\Bai5_KeyMatrix_LCD - Password Door\timer\timer.c
              stop_timer1   0x0012dc    program     extern C:\Users\DELL\OneDrive\Máy tính\AKG\PICKITMPLAB\Bai5_KeyMatrix_LCD - Password Door\timer\timer.c
              stop_timer2   0x001308    program     extern C:\Users\DELL\OneDrive\Máy tính\AKG\PICKITMPLAB\Bai5_KeyMatrix_LCD - Password Door\timer\timer.c
              stop_timer3   0x00134a    program     extern C:\Users\DELL\OneDrive\Máy tính\AKG\PICKITMPLAB\Bai5_KeyMatrix_LCD - Password Door\timer\timer.c
                     test   0x001a36    program     static                          
               timer0_isr   0x00134e    program     extern C:\Users\DELL\OneDrive\Máy tính\AKG\PICKITMPLAB\Bai5_KeyMatrix_LCD - Password Door\timer\timer.c
               timer1_isr   0x00136a    program     extern C:\Users\DELL\OneDrive\Máy tính\AKG\PICKITMPLAB\Bai5_KeyMatrix_LCD - Password Door\timer\timer.c
               timer2_isr   0x001386    program     extern C:\Users\DELL\OneDrive\Máy tính\AKG\PICKITMPLAB\Bai5_KeyMatrix_LCD - Password Door\timer\timer.c
               timer3_isr   0x0013a2    program     extern C:\Users\DELL\OneDrive\Máy tính\AKG\PICKITMPLAB\Bai5_KeyMatrix_LCD - Password Door\timer\timer.c
                 v_timer0   0x000a6e    program     extern C:\Users\DELL\OneDrive\Máy tính\AKG\PICKITMPLAB\Bai5_KeyMatrix_LCD - Password Door\lcd\lcd.c
               zero_block   0x001be6    program     static E:\3.46\pic18-lt\cxx-framework\src\traditional\proc\p18f4620.asm
                   ADCON0   0x000fc2       data     extern E:\3.46\pic18-lt\cxx-framework\src\traditional\proc\p18f4620.asm
               ADCON0bits   0x000fc2       data     extern E:\3.46\pic18-lt\cxx-framework\src\traditional\proc\p18f4620.asm
                   ADCON1   0x000fc1       data     extern E:\3.46\pic18-lt\cxx-framework\src\traditional\proc\p18f4620.asm
               ADCON1bits   0x000fc1       data     extern E:\3.46\pic18-lt\cxx-framework\src\traditional\proc\p18f4620.asm
                   ADCON2   0x000fc0       data     extern E:\3.46\pic18-lt\cxx-framework\src\traditional\proc\p18f4620.asm
               ADCON2bits   0x000fc0       data     extern E:\3.46\pic18-lt\cxx-framework\src\traditional\proc\p18f4620.asm
                    ADRES   0x000fc3       data     extern E:\3.46\pic18-lt\cxx-framework\src\traditional\proc\p18f4620.asm
                   ADRESH   0x000fc4       data     extern E:\3.46\pic18-lt\cxx-framework\src\traditional\proc\p18f4620.asm
                   ADRESL   0x000fc3       data     extern E:\3.46\pic18-lt\cxx-framework\src\traditional\proc\p18f4620.asm
                  BAUDCON   0x000fb8       data     extern E:\3.46\pic18-lt\cxx-framework\src\traditional\proc\p18f4620.asm
              BAUDCONbits   0x000fb8       data     extern E:\3.46\pic18-lt\cxx-framework\src\traditional\proc\p18f4620.asm
                  BAUDCTL   0x000fb8       data     extern E:\3.46\pic18-lt\cxx-framework\src\traditional\proc\p18f4620.asm
              BAUDCTLbits   0x000fb8       data     extern E:\3.46\pic18-lt\cxx-framework\src\traditional\proc\p18f4620.asm
                      BSR   0x000fe0       data     extern E:\3.46\pic18-lt\cxx-framework\src\traditional\proc\p18f4620.asm
                  CCP1CON   0x000fbd       data     extern E:\3.46\pic18-lt\cxx-framework\src\traditional\proc\p18f4620.asm
              CCP1CONbits   0x000fbd       data     extern E:\3.46\pic18-lt\cxx-framework\src\traditional\proc\p18f4620.asm
                  CCP2CON   0x000fba       data     extern E:\3.46\pic18-lt\cxx-framework\src\traditional\proc\p18f4620.asm
              CCP2CONbits   0x000fba       data     extern E:\3.46\pic18-lt\cxx-framework\src\traditional\proc\p18f4620.asm
                    CCPR1   0x000fbe       data     extern E:\3.46\pic18-lt\cxx-framework\src\traditional\proc\p18f4620.asm
                   CCPR1H   0x000fbf       data     extern E:\3.46\pic18-lt\cxx-framework\src\traditional\proc\p18f4620.asm
                   CCPR1L   0x000fbe       data     extern E:\3.46\pic18-lt\cxx-framework\src\traditional\proc\p18f4620.asm
                    CCPR2   0x000fbb       data     extern E:\3.46\pic18-lt\cxx-framework\src\traditional\proc\p18f4620.asm
                   CCPR2H   0x000fbc       data     extern E:\3.46\pic18-lt\cxx-framework\src\traditional\proc\p18f4620.asm
                   CCPR2L   0x000fbb       data     extern E:\3.46\pic18-lt\cxx-framework\src\traditional\proc\p18f4620.asm
                    CMCON   0x000fb4       data     extern E:\3.46\pic18-lt\cxx-framework\src\traditional\proc\p18f4620.asm
                CMCONbits   0x000fb4       data     extern E:\3.46\pic18-lt\cxx-framework\src\traditional\proc\p18f4620.asm
                   CVRCON   0x000fb5       data     extern E:\3.46\pic18-lt\cxx-framework\src\traditional\proc\p18f4620.asm
               CVRCONbits   0x000fb5       data     extern E:\3.46\pic18-lt\cxx-framework\src\traditional\proc\p18f4620.asm
                     DDRA   0x000f92       data     extern E:\3.46\pic18-lt\cxx-framework\src\traditional\proc\p18f4620.asm
                 DDRAbits   0x000f92       data     extern E:\3.46\pic18-lt\cxx-framework\src\traditional\proc\p18f4620.asm
                     DDRB   0x000f93       data     extern E:\3.46\pic18-lt\cxx-framework\src\traditional\proc\p18f4620.asm
                 DDRBbits   0x000f93       data     extern E:\3.46\pic18-lt\cxx-framework\src\traditional\proc\p18f4620.asm
                     DDRC   0x000f94       data     extern E:\3.46\pic18-lt\cxx-framework\src\traditional\proc\p18f4620.asm
                 DDRCbits   0x000f94       data     extern E:\3.46\pic18-lt\cxx-framework\src\traditional\proc\p18f4620.asm
                     DDRD   0x000f95       data     extern E:\3.46\pic18-lt\cxx-framework\src\traditional\proc\p18f4620.asm
                 DDRDbits   0x000f95       data     extern E:\3.46\pic18-lt\cxx-framework\src\traditional\proc\p18f4620.asm
                     DDRE   0x000f96       data     extern E:\3.46\pic18-lt\cxx-framework\src\traditional\proc\p18f4620.asm
                 DDREbits   0x000f96       data     extern E:\3.46\pic18-lt\cxx-framework\src\traditional\proc\p18f4620.asm
                  ECCP1AS   0x000fb6       data     extern E:\3.46\pic18-lt\cxx-framework\src\traditional\proc\p18f4620.asm
              ECCP1ASbits   0x000fb6       data     extern E:\3.46\pic18-lt\cxx-framework\src\traditional\proc\p18f4620.asm
                    EEADR   0x000fa9       data     extern E:\3.46\pic18-lt\cxx-framework\src\traditional\proc\p18f4620.asm
                   EEADRH   0x000faa       data     extern E:\3.46\pic18-lt\cxx-framework\src\traditional\proc\p18f4620.asm
                   EECON1   0x000fa6       data     extern E:\3.46\pic18-lt\cxx-framework\src\traditional\proc\p18f4620.asm
               EECON1bits   0x000fa6       data     extern E:\3.46\pic18-lt\cxx-framework\src\traditional\proc\p18f4620.asm
                   EECON2   0x000fa7       data     extern E:\3.46\pic18-lt\cxx-framework\src\traditional\proc\p18f4620.asm
                   EEDATA   0x000fa8       data     extern E:\3.46\pic18-lt\cxx-framework\src\traditional\proc\p18f4620.asm
                     FSR0   0x000fe9       data     extern E:\3.46\pic18-lt\cxx-framework\src\traditional\proc\p18f4620.asm
                    FSR0H   0x000fea       data     extern E:\3.46\pic18-lt\cxx-framework\src\traditional\proc\p18f4620.asm
                    FSR0L   0x000fe9       data     extern E:\3.46\pic18-lt\cxx-framework\src\traditional\proc\p18f4620.asm
                     FSR1   0x000fe1       data     extern E:\3.46\pic18-lt\cxx-framework\src\traditional\proc\p18f4620.asm
                    FSR1H   0x000fe2       data     extern E:\3.46\pic18-lt\cxx-framework\src\traditional\proc\p18f4620.asm
                    FSR1L   0x000fe1       data     extern E:\3.46\pic18-lt\cxx-framework\src\traditional\proc\p18f4620.asm
                     FSR2   0x000fd9       data     extern E:\3.46\pic18-lt\cxx-framework\src\traditional\proc\p18f4620.asm
                    FSR2H   0x000fda       data     extern E:\3.46\pic18-lt\cxx-framework\src\traditional\proc\p18f4620.asm
                    FSR2L   0x000fd9       data     extern E:\3.46\pic18-lt\cxx-framework\src\traditional\proc\p18f4620.asm
                  HLVDCON   0x000fd2       data     extern E:\3.46\pic18-lt\cxx-framework\src\traditional\proc\p18f4620.asm
              HLVDCONbits   0x000fd2       data     extern E:\3.46\pic18-lt\cxx-framework\src\traditional\proc\p18f4620.asm
                    INDF0   0x000fef       data     extern E:\3.46\pic18-lt\cxx-framework\src\traditional\proc\p18f4620.asm
                    INDF1   0x000fe7       data     extern E:\3.46\pic18-lt\cxx-framework\src\traditional\proc\p18f4620.asm
                    INDF2   0x000fdf       data     extern E:\3.46\pic18-lt\cxx-framework\src\traditional\proc\p18f4620.asm
                   INTCON   0x000ff2       data     extern E:\3.46\pic18-lt\cxx-framework\src\traditional\proc\p18f4620.asm
                  INTCON2   0x000ff1       data     extern E:\3.46\pic18-lt\cxx-framework\src\traditional\proc\p18f4620.asm
              INTCON2bits   0x000ff1       data     extern E:\3.46\pic18-lt\cxx-framework\src\traditional\proc\p18f4620.asm
                  INTCON3   0x000ff0       data     extern E:\3.46\pic18-lt\cxx-framework\src\traditional\proc\p18f4620.asm
              INTCON3bits   0x000ff0       data     extern E:\3.46\pic18-lt\cxx-framework\src\traditional\proc\p18f4620.asm
               INTCONbits   0x000ff2       data     extern E:\3.46\pic18-lt\cxx-framework\src\traditional\proc\p18f4620.asm
                     IPR1   0x000f9f       data     extern E:\3.46\pic18-lt\cxx-framework\src\traditional\proc\p18f4620.asm
                 IPR1bits   0x000f9f       data     extern E:\3.46\pic18-lt\cxx-framework\src\traditional\proc\p18f4620.asm
                     IPR2   0x000fa2       data     extern E:\3.46\pic18-lt\cxx-framework\src\traditional\proc\p18f4620.asm
                 IPR2bits   0x000fa2       data     extern E:\3.46\pic18-lt\cxx-framework\src\traditional\proc\p18f4620.asm
                     LATA   0x000f89       data     extern E:\3.46\pic18-lt\cxx-framework\src\traditional\proc\p18f4620.asm
                 LATAbits   0x000f89       data     extern E:\3.46\pic18-lt\cxx-framework\src\traditional\proc\p18f4620.asm
                     LATB   0x000f8a       data     extern E:\3.46\pic18-lt\cxx-framework\src\traditional\proc\p18f4620.asm
                 LATBbits   0x000f8a       data     extern E:\3.46\pic18-lt\cxx-framework\src\traditional\proc\p18f4620.asm
                     LATC   0x000f8b       data     extern E:\3.46\pic18-lt\cxx-framework\src\traditional\proc\p18f4620.asm
                 LATCbits   0x000f8b       data     extern E:\3.46\pic18-lt\cxx-framework\src\traditional\proc\p18f4620.asm
                     LATD   0x000f8c       data     extern E:\3.46\pic18-lt\cxx-framework\src\traditional\proc\p18f4620.asm
                 LATDbits   0x000f8c       data     extern E:\3.46\pic18-lt\cxx-framework\src\traditional\proc\p18f4620.asm
                     LATE   0x000f8d       data     extern E:\3.46\pic18-lt\cxx-framework\src\traditional\proc\p18f4620.asm
                 LATEbits   0x000f8d       data     extern E:\3.46\pic18-lt\cxx-framework\src\traditional\proc\p18f4620.asm
                   LVDCON   0x000fd2       data     extern E:\3.46\pic18-lt\cxx-framework\src\traditional\proc\p18f4620.asm
               LVDCONbits   0x000fd2       data     extern E:\3.46\pic18-lt\cxx-framework\src\traditional\proc\p18f4620.asm
                LcdScreen   0x0000c1       data     extern C:\Users\DELL\OneDrive\Máy tính\AKG\PICKITMPLAB\Bai5_KeyMatrix_LCD - Password Door\lcd\lcd.c
                   OSCCON   0x000fd3       data     extern E:\3.46\pic18-lt\cxx-framework\src\traditional\proc\p18f4620.asm
               OSCCONbits   0x000fd3       data     extern E:\3.46\pic18-lt\cxx-framework\src\traditional\proc\p18f4620.asm
                  OSCTUNE   0x000f9b       data     extern E:\3.46\pic18-lt\cxx-framework\src\traditional\proc\p18f4620.asm
              OSCTUNEbits   0x000f9b       data     extern E:\3.46\pic18-lt\cxx-framework\src\traditional\proc\p18f4620.asm
                       PC   0x000ff9       data     extern E:\3.46\pic18-lt\cxx-framework\src\traditional\proc\p18f4620.asm
                      PCL   0x000ff9       data     extern E:\3.46\pic18-lt\cxx-framework\src\traditional\proc\p18f4620.asm
                   PCLATH   0x000ffa       data     extern E:\3.46\pic18-lt\cxx-framework\src\traditional\proc\p18f4620.asm
                   PCLATU   0x000ffb       data     extern E:\3.46\pic18-lt\cxx-framework\src\traditional\proc\p18f4620.asm
                     PIE1   0x000f9d       data     extern E:\3.46\pic18-lt\cxx-framework\src\traditional\proc\p18f4620.asm
                 PIE1bits   0x000f9d       data     extern E:\3.46\pic18-lt\cxx-framework\src\traditional\proc\p18f4620.asm
                     PIE2   0x000fa0       data     extern E:\3.46\pic18-lt\cxx-framework\src\traditional\proc\p18f4620.asm
                 PIE2bits   0x000fa0       data     extern E:\3.46\pic18-lt\cxx-framework\src\traditional\proc\p18f4620.asm
                     PIR1   0x000f9e       data     extern E:\3.46\pic18-lt\cxx-framework\src\traditional\proc\p18f4620.asm
                 PIR1bits   0x000f9e       data     extern E:\3.46\pic18-lt\cxx-framework\src\traditional\proc\p18f4620.asm
                     PIR2   0x000fa1       data     extern E:\3.46\pic18-lt\cxx-framework\src\traditional\proc\p18f4620.asm
                 PIR2bits   0x000fa1       data     extern E:\3.46\pic18-lt\cxx-framework\src\traditional\proc\p18f4620.asm
                   PLUSW0   0x000feb       data     extern E:\3.46\pic18-lt\cxx-framework\src\traditional\proc\p18f4620.asm
                   PLUSW1   0x000fe3       data     extern E:\3.46\pic18-lt\cxx-framework\src\traditional\proc\p18f4620.asm
                   PLUSW2   0x000fdb       data     extern E:\3.46\pic18-lt\cxx-framework\src\traditional\proc\p18f4620.asm
                    PORTA   0x000f80       data     extern E:\3.46\pic18-lt\cxx-framework\src\traditional\proc\p18f4620.asm
                PORTAbits   0x000f80       data     extern E:\3.46\pic18-lt\cxx-framework\src\traditional\proc\p18f4620.asm
                    PORTB   0x000f81       data     extern E:\3.46\pic18-lt\cxx-framework\src\traditional\proc\p18f4620.asm
                PORTBbits   0x000f81       data     extern E:\3.46\pic18-lt\cxx-framework\src\traditional\proc\p18f4620.asm
                    PORTC   0x000f82       data     extern E:\3.46\pic18-lt\cxx-framework\src\traditional\proc\p18f4620.asm
                PORTCbits   0x000f82       data     extern E:\3.46\pic18-lt\cxx-framework\src\traditional\proc\p18f4620.asm
                    PORTD   0x000f83       data     extern E:\3.46\pic18-lt\cxx-framework\src\traditional\proc\p18f4620.asm
                PORTDbits   0x000f83       data     extern E:\3.46\pic18-lt\cxx-framework\src\traditional\proc\p18f4620.asm
                    PORTE   0x000f84       data     extern E:\3.46\pic18-lt\cxx-framework\src\traditional\proc\p18f4620.asm
                PORTEbits   0x000f84       data     extern E:\3.46\pic18-lt\cxx-framework\src\traditional\proc\p18f4620.asm
                 POSTDEC0   0x000fed       data     extern E:\3.46\pic18-lt\cxx-framework\src\traditional\proc\p18f4620.asm
                 POSTDEC1   0x000fe5       data     extern E:\3.46\pic18-lt\cxx-framework\src\traditional\proc\p18f4620.asm
                 POSTDEC2   0x000fdd       data     extern E:\3.46\pic18-lt\cxx-framework\src\traditional\proc\p18f4620.asm
                 POSTINC0   0x000fee       data     extern E:\3.46\pic18-lt\cxx-framework\src\traditional\proc\p18f4620.asm
                 POSTINC1   0x000fe6       data     extern E:\3.46\pic18-lt\cxx-framework\src\traditional\proc\p18f4620.asm
                 POSTINC2   0x000fde       data     extern E:\3.46\pic18-lt\cxx-framework\src\traditional\proc\p18f4620.asm
                      PR2   0x000fcb       data     extern E:\3.46\pic18-lt\cxx-framework\src\traditional\proc\p18f4620.asm
                  PREINC0   0x000fec       data     extern E:\3.46\pic18-lt\cxx-framework\src\traditional\proc\p18f4620.asm
                  PREINC1   0x000fe4       data     extern E:\3.46\pic18-lt\cxx-framework\src\traditional\proc\p18f4620.asm
                  PREINC2   0x000fdc       data     extern E:\3.46\pic18-lt\cxx-framework\src\traditional\proc\p18f4620.asm
                     PROD   0x000ff3       data     extern E:\3.46\pic18-lt\cxx-framework\src\traditional\proc\p18f4620.asm
                    PRODH   0x000ff4       data     extern E:\3.46\pic18-lt\cxx-framework\src\traditional\proc\p18f4620.asm
                    PRODL   0x000ff3       data     extern E:\3.46\pic18-lt\cxx-framework\src\traditional\proc\p18f4620.asm
                  PWM1CON   0x000fb7       data     extern E:\3.46\pic18-lt\cxx-framework\src\traditional\proc\p18f4620.asm
              PWM1CONbits   0x000fb7       data     extern E:\3.46\pic18-lt\cxx-framework\src\traditional\proc\p18f4620.asm
                     RCON   0x000fd0       data     extern E:\3.46\pic18-lt\cxx-framework\src\traditional\proc\p18f4620.asm
                 RCONbits   0x000fd0       data     extern E:\3.46\pic18-lt\cxx-framework\src\traditional\proc\p18f4620.asm
                    RCREG   0x000fae       data     extern E:\3.46\pic18-lt\cxx-framework\src\traditional\proc\p18f4620.asm
                    RCSTA   0x000fab       data     extern E:\3.46\pic18-lt\cxx-framework\src\traditional\proc\p18f4620.asm
                RCSTAbits   0x000fab       data     extern E:\3.46\pic18-lt\cxx-framework\src\traditional\proc\p18f4620.asm
                     SIGN   0x000000       data     extern E:\3.46\pic18-lt\cxx-framework\src\traditional\math\cmath18.asm
                    SPBRG   0x000faf       data     extern E:\3.46\pic18-lt\cxx-framework\src\traditional\proc\p18f4620.asm
                   SPBRGH   0x000fb0       data     extern E:\3.46\pic18-lt\cxx-framework\src\traditional\proc\p18f4620.asm
                   SSPADD   0x000fc8       data     extern E:\3.46\pic18-lt\cxx-framework\src\traditional\proc\p18f4620.asm
                   SSPBUF   0x000fc9       data     extern E:\3.46\pic18-lt\cxx-framework\src\traditional\proc\p18f4620.asm
                  SSPCON1   0x000fc6       data     extern E:\3.46\pic18-lt\cxx-framework\src\traditional\proc\p18f4620.asm
              SSPCON1bits   0x000fc6       data     extern E:\3.46\pic18-lt\cxx-framework\src\traditional\proc\p18f4620.asm
                  SSPCON2   0x000fc5       data     extern E:\3.46\pic18-lt\cxx-framework\src\traditional\proc\p18f4620.asm
              SSPCON2bits   0x000fc5       data     extern E:\3.46\pic18-lt\cxx-framework\src\traditional\proc\p18f4620.asm
                  SSPSTAT   0x000fc7       data     extern E:\3.46\pic18-lt\cxx-framework\src\traditional\proc\p18f4620.asm
              SSPSTATbits   0x000fc7       data     extern E:\3.46\pic18-lt\cxx-framework\src\traditional\proc\p18f4620.asm
                   STATUS   0x000fd8       data     extern E:\3.46\pic18-lt\cxx-framework\src\traditional\proc\p18f4620.asm
               STATUSbits   0x000fd8       data     extern E:\3.46\pic18-lt\cxx-framework\src\traditional\proc\p18f4620.asm
                   STKPTR   0x000ffc       data     extern E:\3.46\pic18-lt\cxx-framework\src\traditional\proc\p18f4620.asm
               STKPTRbits   0x000ffc       data     extern E:\3.46\pic18-lt\cxx-framework\src\traditional\proc\p18f4620.asm
                    T0CON   0x000fd5       data     extern E:\3.46\pic18-lt\cxx-framework\src\traditional\proc\p18f4620.asm
                T0CONbits   0x000fd5       data     extern E:\3.46\pic18-lt\cxx-framework\src\traditional\proc\p18f4620.asm
                    T1CON   0x000fcd       data     extern E:\3.46\pic18-lt\cxx-framework\src\traditional\proc\p18f4620.asm
                T1CONbits   0x000fcd       data     extern E:\3.46\pic18-lt\cxx-framework\src\traditional\proc\p18f4620.asm
                    T2CON   0x000fca       data     extern E:\3.46\pic18-lt\cxx-framework\src\traditional\proc\p18f4620.asm
                T2CONbits   0x000fca       data     extern E:\3.46\pic18-lt\cxx-framework\src\traditional\proc\p18f4620.asm
                    T3CON   0x000fb1       data     extern E:\3.46\pic18-lt\cxx-framework\src\traditional\proc\p18f4620.asm
                T3CONbits   0x000fb1       data     extern E:\3.46\pic18-lt\cxx-framework\src\traditional\proc\p18f4620.asm
                   TABLAT   0x000ff5       data     extern E:\3.46\pic18-lt\cxx-framework\src\traditional\proc\p18f4620.asm
                   TBLPTR   0x000ff6       data     extern E:\3.46\pic18-lt\cxx-framework\src\traditional\proc\p18f4620.asm
                  TBLPTRH   0x000ff7       data     extern E:\3.46\pic18-lt\cxx-framework\src\traditional\proc\p18f4620.asm
                  TBLPTRL   0x000ff6       data     extern E:\3.46\pic18-lt\cxx-framework\src\traditional\proc\p18f4620.asm
                  TBLPTRU   0x000ff8       data     extern E:\3.46\pic18-lt\cxx-framework\src\traditional\proc\p18f4620.asm
                    TMR0H   0x000fd7       data     extern E:\3.46\pic18-lt\cxx-framework\src\traditional\proc\p18f4620.asm
                    TMR0L   0x000fd6       data     extern E:\3.46\pic18-lt\cxx-framework\src\traditional\proc\p18f4620.asm
                    TMR1H   0x000fcf       data     extern E:\3.46\pic18-lt\cxx-framework\src\traditional\proc\p18f4620.asm
                    TMR1L   0x000fce       data     extern E:\3.46\pic18-lt\cxx-framework\src\traditional\proc\p18f4620.asm
                     TMR2   0x000fcc       data     extern E:\3.46\pic18-lt\cxx-framework\src\traditional\proc\p18f4620.asm
                    TMR3H   0x000fb3       data     extern E:\3.46\pic18-lt\cxx-framework\src\traditional\proc\p18f4620.asm
                    TMR3L   0x000fb2       data     extern E:\3.46\pic18-lt\cxx-framework\src\traditional\proc\p18f4620.asm
                      TOS   0x000ffd       data     extern E:\3.46\pic18-lt\cxx-framework\src\traditional\proc\p18f4620.asm
                     TOSH   0x000ffe       data     extern E:\3.46\pic18-lt\cxx-framework\src\traditional\proc\p18f4620.asm
                     TOSL   0x000ffd       data     extern E:\3.46\pic18-lt\cxx-framework\src\traditional\proc\p18f4620.asm
                     TOSU   0x000fff       data     extern E:\3.46\pic18-lt\cxx-framework\src\traditional\proc\p18f4620.asm
                    TRISA   0x000f92       data     extern E:\3.46\pic18-lt\cxx-framework\src\traditional\proc\p18f4620.asm
                TRISAbits   0x000f92       data     extern E:\3.46\pic18-lt\cxx-framework\src\traditional\proc\p18f4620.asm
                    TRISB   0x000f93       data     extern E:\3.46\pic18-lt\cxx-framework\src\traditional\proc\p18f4620.asm
                TRISBbits   0x000f93       data     extern E:\3.46\pic18-lt\cxx-framework\src\traditional\proc\p18f4620.asm
                    TRISC   0x000f94       data     extern E:\3.46\pic18-lt\cxx-framework\src\traditional\proc\p18f4620.asm
                TRISCbits   0x000f94       data     extern E:\3.46\pic18-lt\cxx-framework\src\traditional\proc\p18f4620.asm
                    TRISD   0x000f95       data     extern E:\3.46\pic18-lt\cxx-framework\src\traditional\proc\p18f4620.asm
                TRISDbits   0x000f95       data     extern E:\3.46\pic18-lt\cxx-framework\src\traditional\proc\p18f4620.asm
                    TRISE   0x000f96       data     extern E:\3.46\pic18-lt\cxx-framework\src\traditional\proc\p18f4620.asm
                TRISEbits   0x000f96       data     extern E:\3.46\pic18-lt\cxx-framework\src\traditional\proc\p18f4620.asm
                    TXREG   0x000fad       data     extern E:\3.46\pic18-lt\cxx-framework\src\traditional\proc\p18f4620.asm
                    TXSTA   0x000fac       data     extern E:\3.46\pic18-lt\cxx-framework\src\traditional\proc\p18f4620.asm
                TXSTAbits   0x000fac       data     extern E:\3.46\pic18-lt\cxx-framework\src\traditional\proc\p18f4620.asm
                 UserFont   0x000080       data     extern C:\Users\DELL\OneDrive\Máy tính\AKG\PICKITMPLAB\Bai5_KeyMatrix_LCD - Password Door\lcd\lcd.c
                        W   0x000fe8       data     extern E:\3.46\pic18-lt\cxx-framework\src\traditional\proc\p18f4620.asm
                   WDTCON   0x000fd1       data     extern E:\3.46\pic18-lt\cxx-framework\src\traditional\proc\p18f4620.asm
               WDTCONbits   0x000fd1       data     extern E:\3.46\pic18-lt\cxx-framework\src\traditional\proc\p18f4620.asm
                     WREG   0x000fe8       data     extern E:\3.46\pic18-lt\cxx-framework\src\traditional\proc\p18f4620.asm
                 __AARGB0   0x000009       data     extern E:\3.46\pic18-lt\cxx-framework\src\traditional\math\aarg.asm
                 __AARGB1   0x000008       data     extern E:\3.46\pic18-lt\cxx-framework\src\traditional\math\aarg.asm
                 __AARGB2   0x000007       data     extern E:\3.46\pic18-lt\cxx-framework\src\traditional\math\aarg.asm
                 __AARGB3   0x000006       data     extern E:\3.46\pic18-lt\cxx-framework\src\traditional\math\aarg.asm
                 __AARGB4   0x000005       data     extern E:\3.46\pic18-lt\cxx-framework\src\traditional\math\aarg.asm
                 __AARGB5   0x000004       data     extern E:\3.46\pic18-lt\cxx-framework\src\traditional\math\aarg.asm
                 __AARGB6   0x000003       data     extern E:\3.46\pic18-lt\cxx-framework\src\traditional\math\aarg.asm
                 __AARGB7   0x000002       data     extern E:\3.46\pic18-lt\cxx-framework\src\traditional\math\aarg.asm
                   __AEXP   0x00000a       data     extern E:\3.46\pic18-lt\cxx-framework\src\traditional\math\aarg.asm
                 __BARGB0   0x00000e       data     extern E:\3.46\pic18-lt\cxx-framework\src\traditional\math\barg.asm
                 __BARGB1   0x00000d       data     extern E:\3.46\pic18-lt\cxx-framework\src\traditional\math\barg.asm
                 __BARGB2   0x00000c       data     extern E:\3.46\pic18-lt\cxx-framework\src\traditional\math\barg.asm
                 __BARGB3   0x00000b       data     extern E:\3.46\pic18-lt\cxx-framework\src\traditional\math\barg.asm
                   __BEXP   0x00000f       data     extern E:\3.46\pic18-lt\cxx-framework\src\traditional\math\barg.asm
                __FPFLAGS   0x000001       data     extern E:\3.46\pic18-lt\cxx-framework\src\traditional\math\cmath18.asm
            __FPFLAGSbits   0x000001       data     extern E:\3.46\pic18-lt\cxx-framework\src\traditional\math\cmath18.asm
                  __REMB0   0x000005       data     extern E:\3.46\pic18-lt\cxx-framework\src\traditional\math\aarg.asm
                  __REMB1   0x000004       data     extern E:\3.46\pic18-lt\cxx-framework\src\traditional\math\aarg.asm
                  __REMB2   0x000003       data     extern E:\3.46\pic18-lt\cxx-framework\src\traditional\math\aarg.asm
                  __REMB3   0x000002       data     extern E:\3.46\pic18-lt\cxx-framework\src\traditional\math\aarg.asm
                  __tmp_0   0x000010       data     static C:\Users\DELL\OneDrive\Máy tính\AKG\PICKITMPLAB\Bai5_KeyMatrix_LCD - Password Door\main.c
                  __tmp_0   0x000010       data     static C:\Users\DELL\OneDrive\Máy tính\AKG\PICKITMPLAB\Bai5_KeyMatrix_LCD - Password Door\button_matrix\button.c
                  __tmp_0   0x000010       data     static C:\Users\DELL\OneDrive\Máy tính\AKG\PICKITMPLAB\Bai5_KeyMatrix_LCD - Password Door\lcd\lcd.c
                  __tmp_0   0x000010       data     static C:\Users\DELL\OneDrive\Máy tính\AKG\PICKITMPLAB\Bai5_KeyMatrix_LCD - Password Door\timer\timer.c
         arrayMapOfNumber   0x000f10       data     extern C:\Users\DELL\OneDrive\Máy tính\AKG\PICKITMPLAB\Bai5_KeyMatrix_LCD - Password Door\main.c
         arrayMapOfOutput   0x000f00       data     extern C:\Users\DELL\OneDrive\Máy tính\AKG\PICKITMPLAB\Bai5_KeyMatrix_LCD - Password Door\main.c
       arrayMapOfPassword   0x000f20       data     extern C:\Users\DELL\OneDrive\Máy tính\AKG\PICKITMPLAB\Bai5_KeyMatrix_LCD - Password Door\main.c
      arrayMaskInputOfKey   0x000f69       data     extern C:\Users\DELL\OneDrive\Máy tính\AKG\PICKITMPLAB\Bai5_KeyMatrix_LCD - Password Door\button_matrix\button.c
     arrayMaskOutputOfKey   0x000f65       data     extern C:\Users\DELL\OneDrive\Máy tính\AKG\PICKITMPLAB\Bai5_KeyMatrix_LCD - Password Door\button_matrix\button.c
            arrayPassword   0x000f77       data     extern C:\Users\DELL\OneDrive\Máy tính\AKG\PICKITMPLAB\Bai5_KeyMatrix_LCD - Password Door\main.c
                     cnt0   0x0000e1       data     extern C:\Users\DELL\OneDrive\Máy tính\AKG\PICKITMPLAB\Bai5_KeyMatrix_LCD - Password Door\interrupt\interrupt.c
                     cnt1   0x0000e3       data     extern C:\Users\DELL\OneDrive\Máy tính\AKG\PICKITMPLAB\Bai5_KeyMatrix_LCD - Password Door\interrupt\interrupt.c
                curr_byte   0x000f70       data     static E:\3.46\pic18-lt\cxx-framework\src\traditional\startup\c018i.c
               curr_entry   0x000f72       data     static E:\3.46\pic18-lt\cxx-framework\src\traditional\startup\c018i.c
              current_col   0x000f7e       data     extern C:\Users\DELL\OneDrive\Máy tính\AKG\PICKITMPLAB\Bai5_KeyMatrix_LCD - Password Door\lcd\lcd.c
              current_row   0x000f7c       data     extern C:\Users\DELL\OneDrive\Máy tính\AKG\PICKITMPLAB\Bai5_KeyMatrix_LCD - Password Door\lcd\lcd.c
                 data_ptr   0x000f74       data     static E:\3.46\pic18-lt\cxx-framework\src\traditional\startup\c018i.c
              flag_timer0   0x000108       data     extern C:\Users\DELL\OneDrive\Máy tính\AKG\PICKITMPLAB\Bai5_KeyMatrix_LCD - Password Door\timer\timer.c
              flag_timer1   0x000109       data     extern C:\Users\DELL\OneDrive\Máy tính\AKG\PICKITMPLAB\Bai5_KeyMatrix_LCD - Password Door\timer\timer.c
              flag_timer2   0x00010a       data     extern C:\Users\DELL\OneDrive\Máy tính\AKG\PICKITMPLAB\Bai5_KeyMatrix_LCD - Password Door\timer\timer.c
              flag_timer3   0x00010b       data     extern C:\Users\DELL\OneDrive\Máy tính\AKG\PICKITMPLAB\Bai5_KeyMatrix_LCD - Password Door\timer\timer.c
                    index   0x000f41       data     extern C:\Users\DELL\OneDrive\Máy tính\AKG\PICKITMPLAB\Bai5_KeyMatrix_LCD - Password Door\main.c
            indexOfNumber   0x000f40       data     extern C:\Users\DELL\OneDrive\Máy tính\AKG\PICKITMPLAB\Bai5_KeyMatrix_LCD - Password Door\main.c
                 key_code   0x000f45       data     extern C:\Users\DELL\OneDrive\Máy tính\AKG\PICKITMPLAB\Bai5_KeyMatrix_LCD - Password Door\button_matrix\button.c
              numberValue   0x000f7b       data     extern C:\Users\DELL\OneDrive\Máy tính\AKG\PICKITMPLAB\Bai5_KeyMatrix_LCD - Password Door\main.c
                    owner   0x000f3e       data     extern C:\Users\DELL\OneDrive\Máy tính\AKG\PICKITMPLAB\Bai5_KeyMatrix_LCD - Password Door\main.c
                  ownpass   0x000f34       data     extern C:\Users\DELL\OneDrive\Máy tính\AKG\PICKITMPLAB\Bai5_KeyMatrix_LCD - Password Door\main.c
                     prom   0x000f6d       data     static E:\3.46\pic18-lt\cxx-framework\src\traditional\startup\c018i.c
                   set_id   0x000f42       data     extern C:\Users\DELL\OneDrive\Máy tính\AKG\PICKITMPLAB\Bai5_KeyMatrix_LCD - Password Door\main.c
                  setuser   0x000f38       data     extern C:\Users\DELL\OneDrive\Máy tính\AKG\PICKITMPLAB\Bai5_KeyMatrix_LCD - Password Door\main.c
                   status   0x000f3d       data     extern C:\Users\DELL\OneDrive\Máy tính\AKG\PICKITMPLAB\Bai5_KeyMatrix_LCD - Password Door\main.c
                statusLCD   0x0000c0       data     extern C:\Users\DELL\OneDrive\Máy tính\AKG\PICKITMPLAB\Bai5_KeyMatrix_LCD - Password Door\lcd\lcd.c
             statusOutput   0x000f08       data     extern C:\Users\DELL\OneDrive\Máy tính\AKG\PICKITMPLAB\Bai5_KeyMatrix_LCD - Password Door\main.c
                time0_MUL   0x000118       data     extern C:\Users\DELL\OneDrive\Máy tính\AKG\PICKITMPLAB\Bai5_KeyMatrix_LCD - Password Door\timer\timer.c
                time1_MUL   0x00011a       data     extern C:\Users\DELL\OneDrive\Máy tính\AKG\PICKITMPLAB\Bai5_KeyMatrix_LCD - Password Door\timer\timer.c
                time2_MUL   0x00011c       data     extern C:\Users\DELL\OneDrive\Máy tính\AKG\PICKITMPLAB\Bai5_KeyMatrix_LCD - Password Door\timer\timer.c
                time3_MUL   0x00011e       data     extern C:\Users\DELL\OneDrive\Máy tính\AKG\PICKITMPLAB\Bai5_KeyMatrix_LCD - Password Door\timer\timer.c
                timeDelay   0x000f44       data     extern C:\Users\DELL\OneDrive\Máy tính\AKG\PICKITMPLAB\Bai5_KeyMatrix_LCD - Password Door\main.c
               timer0_cnt   0x000110       data     extern C:\Users\DELL\OneDrive\Máy tính\AKG\PICKITMPLAB\Bai5_KeyMatrix_LCD - Password Door\timer\timer.c
             timer0_value   0x000100       data     extern C:\Users\DELL\OneDrive\Máy tính\AKG\PICKITMPLAB\Bai5_KeyMatrix_LCD - Password Door\timer\timer.c
               timer1_cnt   0x000112       data     extern C:\Users\DELL\OneDrive\Máy tính\AKG\PICKITMPLAB\Bai5_KeyMatrix_LCD - Password Door\timer\timer.c
             timer1_value   0x000102       data     extern C:\Users\DELL\OneDrive\Máy tính\AKG\PICKITMPLAB\Bai5_KeyMatrix_LCD - Password Door\timer\timer.c
               timer2_cnt   0x000114       data     extern C:\Users\DELL\OneDrive\Máy tính\AKG\PICKITMPLAB\Bai5_KeyMatrix_LCD - Password Door\timer\timer.c
             timer2_value   0x000104       data     extern C:\Users\DELL\OneDrive\Máy tính\AKG\PICKITMPLAB\Bai5_KeyMatrix_LCD - Password Door\timer\timer.c
               timer3_cnt   0x000116       data     extern C:\Users\DELL\OneDrive\Máy tính\AKG\PICKITMPLAB\Bai5_KeyMatrix_LCD - Password Door\timer\timer.c
             timer3_value   0x000106       data     extern C:\Users\DELL\OneDrive\Máy tính\AKG\PICKITMPLAB\Bai5_KeyMatrix_LCD - Password Door\timer\timer.c
                     user   0x000f3f       data     extern C:\Users\DELL\OneDrive\Máy tính\AKG\PICKITMPLAB\Bai5_KeyMatrix_LCD - Password Door\main.c
                  user_id   0x000f43       data     extern C:\Users\DELL\OneDrive\Máy tính\AKG\PICKITMPLAB\Bai5_KeyMatrix_LCD - Password Door\main.c
                   v_cnt0   0x00010c       data     extern C:\Users\DELL\OneDrive\Máy tính\AKG\PICKITMPLAB\Bai5_KeyMatrix_LCD - Password Door\timer\timer.c
                   v_cnt1   0x00010e       data     extern C:\Users\DELL\OneDrive\Máy tính\AKG\PICKITMPLAB\Bai5_KeyMatrix_LCD - Password Door\timer\timer.c



                              Symbols - Sorted by Address
                     Name    Address   Location    Storage File                     
                ---------  ---------  ---------  --------- ---------                
                   _entry   0x000000    program     extern E:\3.46\pic18-lt\cxx-framework\src\traditional\startup\c018i.c
       ___return_lbl00000   0x000004    program     static                          
[...]
                TRISBbits   0x000f93       data     extern E:\3.46\pic18-lt\cxx-framework\src\traditional\proc\p18f4620.asm
                     DDRB   0x000f93       data     extern E:\3.46\pic18-lt\cxx-framework\src\traditional\proc\p18f4620.asm
                 DDRBbits   0x000f93       data     extern E:\3.46\pic18-lt\cxx-framework\src\traditional\proc\p18f4620.asm
                    TRISC   0x000f94       data     extern E:\3.46\pic18-lt\cxx-framework\src\traditional\proc\p18f4620.asm
                TRISCbits   0x000f94       data     extern E:\3.46\pic18-lt\cxx-framework\src\traditional\proc\p18f4620.asm
                     DDRC   0x000f94       data     extern E:\3.46\pic18-lt\cxx-framework\src\traditional\proc\p18f4620.asm
                 DDRCbits   0x000f94       data     extern E:\3.46\pic18-lt\cxx-framework\src\traditional\proc\p18f4620.asm
                    TRISD   0x000f95       data     extern E:\3.46\pic18-lt\cxx-framework\src\traditional\proc\p18f4620.asm
                TRISDbits   0x000f95       data     extern E:\3.46\pic18-lt\cxx-framework\src\traditional\proc\p18f4620.asm
                     DDRD   0x000f95       data     extern E:\3.46\pic18-lt\cxx-framework\src\traditional\proc\p18f4620.asm
                 DDRDbits   0x000f95       data     extern E:\3.46\pic18-lt\cxx-framework\src\traditional\proc\p18f4620.asm
                 DDREbits   0x000f96       data     extern E:\3.46\pic18-lt\cxx-framework\src\traditional\proc\p18f4620.asm
                     DDRE   0x000f96       data     extern E:\3.46\pic18-lt\cxx-framework\src\traditional\proc\p18f4620.asm
                TRISEbits   0x000f96       data     extern E:\3.46\pic18-lt\cxx-framework\src\traditional\proc\p18f4620.asm
                    TRISE   0x000f96       data     extern E:\3.46\pic18-lt\cxx-framework\src\traditional\proc\p18f4620.asm
              OSCTUNEbits   0x000f9b       data     extern E:\3.46\pic18-lt\cxx-framework\src\traditional\proc\p18f4620.asm
                  OSCTUNE   0x000f9b       data     extern E:\3.46\pic18-lt\cxx-framework\src\traditional\proc\p18f4620.asm
                 PIE1bits   0x000f9d       data     extern E:\3.46\pic18-lt\cxx-framework\src\traditional\proc\p18f4620.asm
                     PIE1   0x000f9d       data     extern E:\3.46\pic18-lt\cxx-framework\src\traditional\proc\p18f4620.asm
                     PIR1   0x000f9e       data     extern E:\3.46\pic18-lt\cxx-framework\src\traditional\proc\p18f4620.asm
                 PIR1bits   0x000f9e       data     extern E:\3.46\pic18-lt\cxx-framework\src\traditional\proc\p18f4620.asm
                     IPR1   0x000f9f       data     extern E:\3.46\pic18-lt\cxx-framework\src\traditional\proc\p18f4620.asm
                 IPR1bits   0x000f9f       data     extern E:\3.46\pic18-lt\cxx-framework\src\traditional\proc\p18f4620.asm
                 PIE2bits   0x000fa0       data     extern E:\3.46\pic18-lt\cxx-framework\src\traditional\proc\p18f4620.asm
                     PIE2   0x000fa0       data     extern E:\3.46\pic18-lt\cxx-framework\src\traditional\proc\p18f4620.asm
                     PIR2   0x000fa1       data     extern E:\3.46\pic18-lt\cxx-framework\src\traditional\proc\p18f4620.asm
                 PIR2bits   0x000fa1       data     extern E:\3.46\pic18-lt\cxx-framework\src\traditional\proc\p18f4620.asm
                 IPR2bits   0x000fa2       data     extern E:\3.46\pic18-lt\cxx-framework\src\traditional\proc\p18f4620.asm
                     IPR2   0x000fa2       data     extern E:\3.46\pic18-lt\cxx-framework\src\traditional\proc\p18f4620.asm
               EECON1bits   0x000fa6       data     extern E:\3.46\pic18-lt\cxx-framework\src\traditional\proc\p18f4620.asm
                   EECON1   0x000fa6       data     extern E:\3.46\pic18-lt\cxx-framework\src\traditional\proc\p18f4620.asm
                   EECON2   0x000fa7       data     extern E:\3.46\pic18-lt\cxx-framework\src\traditional\proc\p18f4620.asm
                   EEDATA   0x000fa8       data     extern E:\3.46\pic18-lt\cxx-framework\src\traditional\proc\p18f4620.asm
                    EEADR   0x000fa9       data     extern E:\3.46\pic18-lt\cxx-framework\src\traditional\proc\p18f4620.asm
                   EEADRH   0x000faa       data     extern E:\3.46\pic18-lt\cxx-framework\src\traditional\proc\p18f4620.asm
                    RCSTA   0x000fab       data     extern E:\3.46\pic18-lt\cxx-framework\src\traditional\proc\p18f4620.asm
                RCSTAbits   0x000fab       data     extern E:\3.46\pic18-lt\cxx-framework\src\traditional\proc\p18f4620.asm
                    TXSTA   0x000fac       data     extern E:\3.46\pic18-lt\cxx-framework\src\traditional\proc\p18f4620.asm
                TXSTAbits   0x000fac       data     extern E:\3.46\pic18-lt\cxx-framework\src\traditional\proc\p18f4620.asm
                    TXREG   0x000fad       data     extern E:\3.46\pic18-lt\cxx-framework\src\traditional\proc\p18f4620.asm
                    RCREG   0x000fae       data     extern E:\3.46\pic18-lt\cxx-framework\src\traditional\proc\p18f4620.asm
                    SPBRG   0x000faf       data     extern E:\3.46\pic18-lt\cxx-framework\src\traditional\proc\p18f4620.asm
                   SPBRGH   0x000fb0       data     extern E:\3.46\pic18-lt\cxx-framework\src\traditional\proc\p18f4620.asm
                T3CONbits   0x000fb1       data     extern E:\3.46\pic18-lt\cxx-framework\src\traditional\proc\p18f4620.asm
                    T3CON   0x000fb1       data     extern E:\3.46\pic18-lt\cxx-framework\src\traditional\proc\p18f4620.asm
                    TMR3L   0x000fb2       data     extern E:\3.46\pic18-lt\cxx-framework\src\traditional\proc\p18f4620.asm
                    TMR3H   0x000fb3       data     extern E:\3.46\pic18-lt\cxx-framework\src\traditional\proc\p18f4620.asm
                CMCONbits   0x000fb4       data     extern E:\3.46\pic18-lt\cxx-framework\src\traditional\proc\p18f4620.asm
                    CMCON   0x000fb4       data     extern E:\3.46\pic18-lt\cxx-framework\src\traditional\proc\p18f4620.asm
               CVRCONbits   0x000fb5       data     extern E:\3.46\pic18-lt\cxx-framework\src\traditional\proc\p18f4620.asm
                   CVRCON   0x000fb5       data     extern E:\3.46\pic18-lt\cxx-framework\src\traditional\proc\p18f4620.asm
              ECCP1ASbits   0x000fb6       data     extern E:\3.46\pic18-lt\cxx-framework\src\traditional\proc\p18f4620.asm
                  ECCP1AS   0x000fb6       data     extern E:\3.46\pic18-lt\cxx-framework\src\traditional\proc\p18f4620.asm
                  PWM1CON   0x000fb7       data     extern E:\3.46\pic18-lt\cxx-framework\src\traditional\proc\p18f4620.asm
              PWM1CONbits   0x000fb7       data     extern E:\3.46\pic18-lt\cxx-framework\src\traditional\proc\p18f4620.asm
                  BAUDCTL   0x000fb8       data     extern E:\3.46\pic18-lt\cxx-framework\src\traditional\proc\p18f4620.asm
              BAUDCTLbits   0x000fb8       data     extern E:\3.46\pic18-lt\cxx-framework\src\traditional\proc\p18f4620.asm
              BAUDCONbits   0x000fb8       data     extern E:\3.46\pic18-lt\cxx-framework\src\traditional\proc\p18f4620.asm
                  BAUDCON   0x000fb8       data     extern E:\3.46\pic18-lt\cxx-framework\src\traditional\proc\p18f4620.asm
              CCP2CONbits   0x000fba       data     extern E:\3.46\pic18-lt\cxx-framework\src\traditional\proc\p18f4620.asm
                  CCP2CON   0x000fba       data     extern E:\3.46\pic18-lt\cxx-framework\src\traditional\proc\p18f4620.asm
                    CCPR2   0x000fbb       data     extern E:\3.46\pic18-lt\cxx-framework\src\traditional\proc\p18f4620.asm
                   CCPR2L   0x000fbb       data     extern E:\3.46\pic18-lt\cxx-framework\src\traditional\proc\p18f4620.asm
                   CCPR2H   0x000fbc       data     extern E:\3.46\pic18-lt\cxx-framework\src\traditional\proc\p18f4620.asm
              CCP1CONbits   0x000fbd       data     extern E:\3.46\pic18-lt\cxx-framework\src\traditional\proc\p18f4620.asm
                  CCP1CON   0x000fbd       data     extern E:\3.46\pic18-lt\cxx-framework\src\traditional\proc\p18f4620.asm
                    CCPR1   0x000fbe       data     extern E:\3.46\pic18-lt\cxx-framework\src\traditional\proc\p18f4620.asm
                   CCPR1L   0x000fbe       data     extern E:\3.46\pic18-lt\cxx-framework\src\traditional\proc\p18f4620.asm
                   CCPR1H   0x000fbf       data     extern E:\3.46\pic18-lt\cxx-framework\src\traditional\proc\p18f4620.asm
               ADCON2bits   0x000fc0       data     extern E:\3.46\pic18-lt\cxx-framework\src\traditional\proc\p18f4620.asm
                   ADCON2   0x000fc0       data     extern E:\3.46\pic18-lt\cxx-framework\src\traditional\proc\p18f4620.asm
                   ADCON1   0x000fc1       data     extern E:\3.46\pic18-lt\cxx-framework\src\traditional\proc\p18f4620.asm
               ADCON1bits   0x000fc1       data     extern E:\3.46\pic18-lt\cxx-framework\src\traditional\proc\p18f4620.asm
                   ADCON0   0x000fc2       data     extern E:\3.46\pic18-lt\cxx-framework\src\traditional\proc\p18f4620.asm
               ADCON0bits   0x000fc2       data     extern E:\3.46\pic18-lt\cxx-framework\src\traditional\proc\p18f4620.asm
                    ADRES   0x000fc3       data     extern E:\3.46\pic18-lt\cxx-framework\src\traditional\proc\p18f4620.asm
                   ADRESL   0x000fc3       data     extern E:\3.46\pic18-lt\cxx-framework\src\traditional\proc\p18f4620.asm
                   ADRESH   0x000fc4       data     extern E:\3.46\pic18-lt\cxx-framework\src\traditional\proc\p18f4620.asm
              SSPCON2bits   0x000fc5       data     extern E:\3.46\pic18-lt\cxx-framework\src\traditional\proc\p18f4620.asm
                  SSPCON2   0x000fc5       data     extern E:\3.46\pic18-lt\cxx-framework\src\traditional\proc\p18f4620.asm
              SSPCON1bits   0x000fc6       data     extern E:\3.46\pic18-lt\cxx-framework\src\traditional\proc\p18f4620.asm
                  SSPCON1   0x000fc6       data     extern E:\3.46\pic18-lt\cxx-framework\src\traditional\proc\p18f4620.asm
                  SSPSTAT   0x000fc7       data     extern E:\3.46\pic18-lt\cxx-framework\src\traditional\proc\p18f4620.asm
              SSPSTATbits   0x000fc7       data     extern E:\3.46\pic18-lt\cxx-framework\src\traditional\proc\p18f4620.asm
                   SSPADD   0x000fc8       data     extern E:\3.46\pic18-lt\cxx-framework\src\traditional\proc\p18f4620.asm
                   SSPBUF   0x000fc9       data     extern E:\3.46\pic18-lt\cxx-framework\src\traditional\proc\p18f4620.asm
                    T2CON   0x000fca       data     extern E:\3.46\pic18-lt\cxx-framework\src\traditional\proc\p18f4620.asm
                T2CONbits   0x000fca       data     extern E:\3.46\pic18-lt\cxx-framework\src\traditional\proc\p18f4620.asm
                      PR2   0x000fcb       data     extern E:\3.46\pic18-lt\cxx-framework\src\traditional\proc\p18f4620.asm
                     TMR2   0x000fcc       data     extern E:\3.46\pic18-lt\cxx-framework\src\traditional\proc\p18f4620.asm
                    T1CON   0x000fcd       data     extern E:\3.46\pic18-lt\cxx-framework\src\traditional\proc\p18f4620.asm
                T1CONbits   0x000fcd       data     extern E:\3.46\pic18-lt\cxx-framework\src\traditional\proc\p18f4620.asm
                    TMR1L   0x000fce       data     extern E:\3.46\pic18-lt\cxx-framework\src\traditional\proc\p18f4620.asm
                    TMR1H   0x000fcf       data     extern E:\3.46\pic18-lt\cxx-framework\src\traditional\proc\p18f4620.asm
                     RCON   0x000fd0       data     extern E:\3.46\pic18-lt\cxx-framework\src\traditional\proc\p18f4620.asm
                 RCONbits   0x000fd0       data     extern E:\3.46\pic18-lt\cxx-framework\src\traditional\proc\p18f4620.asm
               WDTCONbits   0x000fd1       data     extern E:\3.46\pic18-lt\cxx-framework\src\traditional\proc\p18f4620.asm
                   WDTCON   0x000fd1       data     extern E:\3.46\pic18-lt\cxx-framework\src\traditional\proc\p18f4620.asm
              HLVDCONbits   0x000fd2       data     extern E:\3.46\pic18-lt\cxx-framework\src\traditional\proc\p18f4620.asm
                  HLVDCON   0x000fd2       data     extern E:\3.46\pic18-lt\cxx-framework\src\traditional\proc\p18f4620.asm
                   LVDCON   0x000fd2       data     extern E:\3.46\pic18-lt\cxx-framework\src\traditional\proc\p18f4620.asm
               LVDCONbits   0x000fd2       data     extern E:\3.46\pic18-lt\cxx-framework\src\traditional\proc\p18f4620.asm
                   OSCCON   0x000fd3       data     extern E:\3.46\pic18-lt\cxx-framework\src\traditional\proc\p18f4620.asm
               OSCCONbits   0x000fd3       data     extern E:\3.46\pic18-lt\cxx-framework\src\traditional\proc\p18f4620.asm
                T0CONbits   0x000fd5       data     extern E:\3.46\pic18-lt\cxx-framework\src\traditional\proc\p18f4620.asm
                    T0CON   0x000fd5       data     extern E:\3.46\pic18-lt\cxx-framework\src\traditional\proc\p18f4620.asm
                    TMR0L   0x000fd6       data     extern E:\3.46\pic18-lt\cxx-framework\src\traditional\proc\p18f4620.asm
                    TMR0H   0x000fd7       data     extern E:\3.46\pic18-lt\cxx-framework\src\traditional\proc\p18f4620.asm
                   STATUS   0x000fd8       data     extern E:\3.46\pic18-lt\cxx-framework\src\traditional\proc\p18f4620.asm
               STATUSbits   0x000fd8       data     extern E:\3.46\pic18-lt\cxx-framework\src\traditional\proc\p18f4620.asm
                     FSR2   0x000fd9       data     extern E:\3.46\pic18-lt\cxx-framework\src\traditional\proc\p18f4620.asm
                    FSR2L   0x000fd9       data     extern E:\3.46\pic18-lt\cxx-framework\src\traditional\proc\p18f4620.asm
                    FSR2H   0x000fda       data     extern E:\3.46\pic18-lt\cxx-framework\src\traditional\proc\p18f4620.asm
                   PLUSW2   0x000fdb       data     extern E:\3.46\pic18-lt\cxx-framework\src\traditional\proc\p18f4620.asm
                  PREINC2   0x000fdc       data     extern E:\3.46\pic18-lt\cxx-framework\src\traditional\proc\p18f4620.asm
                 POSTDEC2   0x000fdd       data     extern E:\3.46\pic18-lt\cxx-framework\src\traditional\proc\p18f4620.asm
                 POSTINC2   0x000fde       data     extern E:\3.46\pic18-lt\cxx-framework\src\traditional\proc\p18f4620.asm
                    INDF2   0x000fdf       data     extern E:\3.46\pic18-lt\cxx-framework\src\traditional\proc\p18f4620.asm
                      BSR   0x000fe0       data     extern E:\3.46\pic18-lt\cxx-framework\src\traditional\proc\p18f4620.asm
                    FSR1L   0x000fe1       data     extern E:\3.46\pic18-lt\cxx-framework\src\traditional\proc\p18f4620.asm
                     FSR1   0x000fe1       data     extern E:\3.46\pic18-lt\cxx-framework\src\traditional\proc\p18f4620.asm
                    FSR1H   0x000fe2       data     extern E:\3.46\pic18-lt\cxx-framework\src\traditional\proc\p18f4620.asm
                   PLUSW1   0x000fe3       data     extern E:\3.46\pic18-lt\cxx-framework\src\traditional\proc\p18f4620.asm
                  PREINC1   0x000fe4       data     extern E:\3.46\pic18-lt\cxx-framework\src\traditional\proc\p18f4620.asm
                 POSTDEC1   0x000fe5       data     extern E:\3.46\pic18-lt\cxx-framework\src\traditional\proc\p18f4620.asm
                 POSTINC1   0x000fe6       data     extern E:\3.46\pic18-lt\cxx-framework\src\traditional\proc\p18f4620.asm
                    INDF1   0x000fe7       data     extern E:\3.46\pic18-lt\cxx-framework\src\traditional\proc\p18f4620.asm
                        W   0x000fe8       data     extern E:\3.46\pic18-lt\cxx-framework\src\traditional\proc\p18f4620.asm
                     WREG   0x000fe8       data     extern E:\3.46\pic18-lt\cxx-framework\src\traditional\proc\p18f4620.asm
                     FSR0   0x000fe9       data     extern E:\3.46\pic18-lt\cxx-framework\src\traditional\proc\p18f4620.asm
                    FSR0L   0x000fe9       data     extern E:\3.46\pic18-lt\cxx-framework\src\traditional\proc\p18f4620.asm
                    FSR0H   0x000fea       data     extern E:\3.46\pic18-lt\cxx-framework\src\traditional\proc\p18f4620.asm
                   PLUSW0   0x000feb       data     extern E:\3.46\pic18-lt\cxx-framework\src\traditional\proc\p18f4620.asm
                  PREINC0   0x000fec       data     extern E:\3.46\pic18-lt\cxx-framework\src\traditional\proc\p18f4620.asm
                 POSTDEC0   0x000fed       data     extern E:\3.46\pic18-lt\cxx-framework\src\traditional\proc\p18f4620.asm
                 POSTINC0   0x000fee       data     extern E:\3.46\pic18-lt\cxx-framework\src\traditional\proc\p18f4620.asm
                    INDF0   0x000fef       data     extern E:\3.46\pic18-lt\cxx-framework\src\traditional\proc\p18f4620.asm
              INTCON3bits   0x000ff0       data     extern E:\3.46\pic18-lt\cxx-framework\src\traditional\proc\p18f4620.asm
                  INTCON3   0x000ff0       data     extern E:\3.46\pic18-lt\cxx-framework\src\traditional\proc\p18f4620.asm
              INTCON2bits   0x000ff1       data     extern E:\3.46\pic18-lt\cxx-framework\src\traditional\proc\p18f4620.asm
                  INTCON2   0x000ff1       data     extern E:\3.46\pic18-lt\cxx-framework\src\traditional\proc\p18f4620.asm
                   INTCON   0x000ff2       data     extern E:\3.46\pic18-lt\cxx-framework\src\traditional\proc\p18f4620.asm
               INTCONbits   0x000ff2       data     extern E:\3.46\pic18-lt\cxx-framework\src\traditional\proc\p18f4620.asm
                    PRODL   0x000ff3       data     extern E:\3.46\pic18-lt\cxx-framework\src\traditional\proc\p18f4620.asm
                     PROD   0x000ff3       data     extern E:\3.46\pic18-lt\cxx-framework\src\traditional\proc\p18f4620.asm
                    PRODH   0x000ff4       data     extern E:\3.46\pic18-lt\cxx-framework\src\traditional\proc\p18f4620.asm
                   TABLAT   0x000ff5       data     extern E:\3.46\pic18-lt\cxx-framework\src\traditional\proc\p18f4620.asm
                   TBLPTR   0x000ff6       data     extern E:\3.46\pic18-lt\cxx-framework\src\traditional\proc\p18f4620.asm
                  TBLPTRL   0x000ff6       data     extern E:\3.46\pic18-lt\cxx-framework\src\traditional\proc\p18f4620.asm
                  TBLPTRH   0x000ff7       data     extern E:\3.46\pic18-lt\cxx-framework\src\traditional\proc\p18f4620.asm
                  TBLPTRU   0x000ff8       data     extern E:\3.46\pic18-lt\cxx-framework\src\traditional\proc\p18f4620.asm
                      PCL   0x000ff9       data     extern E:\3.46\pic18-lt\cxx-framework\src\traditional\proc\p18f4620.asm
                       PC   0x000ff9       data     extern E:\3.46\pic18-lt\cxx-framework\src\traditional\proc\p18f4620.asm
                   PCLATH   0x000ffa       data     extern E:\3.46\pic18-lt\cxx-framework\src\traditional\proc\p18f4620.asm
                   PCLATU   0x000ffb       data     extern E:\3.46\pic18-lt\cxx-framework\src\traditional\proc\p18f4620.asm
               STKPTRbits   0x000ffc       data     extern E:\3.46\pic18-lt\cxx-framework\src\traditional\proc\p18f4620.asm
                   STKPTR   0x000ffc       data     extern E:\3.46\pic18-lt\cxx-framework\src\traditional\proc\p18f4620.asm
                      TOS   0x000ffd       data     extern E:\3.46\pic18-lt\cxx-framework\src\traditional\proc\p18f4620.asm
                     TOSL   0x000ffd       data     extern E:\3.46\pic18-lt\cxx-framework\src\traditional\proc\p18f4620.asm
                     TOSH   0x000ffe       data     extern E:\3.46\pic18-lt\cxx-framework\src\traditional\proc\p18f4620.asm
                     TOSU   0x000fff       data     extern E:\3.46\pic18-lt\cxx-framework\src\traditional\proc\p18f4620.asm


